[     817ms] [WARNING] [JavaScript Warning: "unreachable code after return statement" {file: "https://www.olympics.com/wmr-files/main-YIQVHXA4.js" line: 15}] @ https://www.olympics.com/wmr-files/main-YIQVHXA4.js:15
[     818ms] [WARNING] [JavaScript Warning: "unreachable code after return statement" {file: "https://www.olympics.com/wmr-files/main-YIQVHXA4.js" line: 15}] @ https://www.olympics.com/wmr-files/main-YIQVHXA4.js:15
[     818ms] [WARNING] [JavaScript Warning: "unreachable code after return statement" {file: "https://www.olympics.com/wmr-files/main-YIQVHXA4.js" line: 15}] @ https://www.olympics.com/wmr-files/main-YIQVHXA4.js:15
[     972ms] [WARNING] [JavaScript Warning: "unreachable code after return statement" {file: "https://www.olympics.com/TAJQUb/C-/Kc/Sdzq/gsyZDMuxA_/ffOzhfD1GafE/cU8oJwgC/Ah8/dLFMGDkxt?v=6d2d3bc8-b86b-a4d2-6ac5-30042cf35f64" line: 1}] @ https://www.olympics.com/TAJQUb/C-/Kc/Sdzq/gsyZDMuxA_/ffOzhfD1GafE/cU8oJwgC/Ah8/dLFMGDkxt?v=6d2d3bc8-b86b-a4d2-6ac5-30042cf35f64:1
[     972ms] [WARNING] [JavaScript Warning: "unreachable code after return statement" {file: "https://www.olympics.com/TAJQUb/C-/Kc/Sdzq/gsyZDMuxA_/ffOzhfD1GafE/cU8oJwgC/Ah8/dLFMGDkxt?v=6d2d3bc8-b86b-a4d2-6ac5-30042cf35f64" line: 1}] @ https://www.olympics.com/TAJQUb/C-/Kc/Sdzq/gsyZDMuxA_/ffOzhfD1GafE/cU8oJwgC/Ah8/dLFMGDkxt?v=6d2d3bc8-b86b-a4d2-6ac5-30042cf35f64:1
[    1199ms] [WARNING] [OCSModule] https://modapi.olympics.com/mc2026/client/en/external/mico-2026/header disconnected @ https://gstatic.olympics.com/s3/mc2026/assets/mr/prd/ocs-entry.js:21
[    1208ms] [WARNING] [OCSModule] https://modapi.olympics.com/mc2026/client/en/external/mico-2026/footer disconnected @ https://gstatic.olympics.com/s3/mc2026/assets/mr/prd/ocs-entry.js:21
[    1352ms] Error: Minified React error #418; visit https://reactjs.org/docs/error-decoder.html?invariant=418 for the full message or use the non-minified dev environment for full errors and additional helpful warnings.
    at si (https://gstatic.olympics.com/s3/mc2026/assets/mr/prd/assets/index-PXDe8wWV.js:22:4788)
    at ga (https://gstatic.olympics.com/s3/mc2026/assets/mr/prd/assets/index-PXDe8wWV.js:24:45264)
    at va (https://gstatic.olympics.com/s3/mc2026/assets/mr/prd/assets/index-PXDe8wWV.js:24:39501)
    at gf (https://gstatic.olympics.com/s3/mc2026/assets/mr/prd/assets/index-PXDe8wWV.js:24:39474)
    at da (https://gstatic.olympics.com/s3/mc2026/assets/mr/prd/assets/index-PXDe8wWV.js:24:34533)
    at E (https://gstatic.olympics.com/s3/mc2026/assets/mr/prd/assets/index-PXDe8wWV.js:9:1563)
    at rt (https://gstatic.olympics.com/s3/mc2026/assets/mr/prd/assets/index-PXDe8wWV.js:9:1930)
    at EventHandlerNonNull* (https://gstatic.olympics.com/s3/mc2026/assets/mr/prd/assets/index-PXDe8wWV.js:9:2103)
    at  (https://gstatic.olympics.com/s3/mc2026/assets/mr/prd/assets/index-PXDe8wWV.js:9:3852)
[    1352ms] Error: Minified React error #418; visit https://reactjs.org/docs/error-decoder.html?invariant=418 for the full message or use the non-minified dev environment for full errors and additional helpful warnings.
    at si (https://gstatic.olympics.com/s3/mc2026/assets/mr/prd/assets/index-PXDe8wWV.js:22:4788)
    at ga (https://gstatic.olympics.com/s3/mc2026/assets/mr/prd/assets/index-PXDe8wWV.js:24:45264)
    at va (https://gstatic.olympics.com/s3/mc2026/assets/mr/prd/assets/index-PXDe8wWV.js:24:39501)
    at gf (https://gstatic.olympics.com/s3/mc2026/assets/mr/prd/assets/index-PXDe8wWV.js:24:39474)
    at da (https://gstatic.olympics.com/s3/mc2026/assets/mr/prd/assets/index-PXDe8wWV.js:24:34533)
    at E (https://gstatic.olympics.com/s3/mc2026/assets/mr/prd/assets/index-PXDe8wWV.js:9:1563)
    at rt (https://gstatic.olympics.com/s3/mc2026/assets/mr/prd/assets/index-PXDe8wWV.js:9:1930)
    at EventHandlerNonNull* (https://gstatic.olympics.com/s3/mc2026/assets/mr/prd/assets/index-PXDe8wWV.js:9:2103)
    at  (https://gstatic.olympics.com/s3/mc2026/assets/mr/prd/assets/index-PXDe8wWV.js:9:3852)
[    1352ms] Error: Minified React error #418; visit https://reactjs.org/docs/error-decoder.html?invariant=418 for the full message or use the non-minified dev environment for full errors and additional helpful warnings.
    at si (https://gstatic.olympics.com/s3/mc2026/assets/mr/prd/assets/index-PXDe8wWV.js:22:4788)
    at ga (https://gstatic.olympics.com/s3/mc2026/assets/mr/prd/assets/index-PXDe8wWV.js:24:45264)
    at va (https://gstatic.olympics.com/s3/mc2026/assets/mr/prd/assets/index-PXDe8wWV.js:24:39501)
    at gf (https://gstatic.olympics.com/s3/mc2026/assets/mr/prd/assets/index-PXDe8wWV.js:24:39474)
    at da (https://gstatic.olympics.com/s3/mc2026/assets/mr/prd/assets/index-PXDe8wWV.js:24:34533)
    at E (https://gstatic.olympics.com/s3/mc2026/assets/mr/prd/assets/index-PXDe8wWV.js:9:1563)
    at rt (https://gstatic.olympics.com/s3/mc2026/assets/mr/prd/assets/index-PXDe8wWV.js:9:1930)
    at EventHandlerNonNull* (https://gstatic.olympics.com/s3/mc2026/assets/mr/prd/assets/index-PXDe8wWV.js:9:2103)
    at  (https://gstatic.olympics.com/s3/mc2026/assets/mr/prd/assets/index-PXDe8wWV.js:9:3852)
[    1352ms] Error: Minified React error #418; visit https://reactjs.org/docs/error-decoder.html?invariant=418 for the full message or use the non-minified dev environment for full errors and additional helpful warnings.
    at si (https://gstatic.olympics.com/s3/mc2026/assets/mr/prd/assets/index-PXDe8wWV.js:22:4788)
    at ga (https://gstatic.olympics.com/s3/mc2026/assets/mr/prd/assets/index-PXDe8wWV.js:24:45264)
    at va (https://gstatic.olympics.com/s3/mc2026/assets/mr/prd/assets/index-PXDe8wWV.js:24:39501)
    at gf (https://gstatic.olympics.com/s3/mc2026/assets/mr/prd/assets/index-PXDe8wWV.js:24:39474)
    at da (https://gstatic.olympics.com/s3/mc2026/assets/mr/prd/assets/index-PXDe8wWV.js:24:34533)
    at E (https://gstatic.olympics.com/s3/mc2026/assets/mr/prd/assets/index-PXDe8wWV.js:9:1563)
    at rt (https://gstatic.olympics.com/s3/mc2026/assets/mr/prd/assets/index-PXDe8wWV.js:9:1930)
    at EventHandlerNonNull* (https://gstatic.olympics.com/s3/mc2026/assets/mr/prd/assets/index-PXDe8wWV.js:9:2103)
    at  (https://gstatic.olympics.com/s3/mc2026/assets/mr/prd/assets/index-PXDe8wWV.js:9:3852)
[    1352ms] Error: Minified React error #418; visit https://reactjs.org/docs/error-decoder.html?invariant=418 for the full message or use the non-minified dev environment for full errors and additional helpful warnings.
    at si (https://gstatic.olympics.com/s3/mc2026/assets/mr/prd/assets/index-PXDe8wWV.js:22:4788)
    at ga (https://gstatic.olympics.com/s3/mc2026/assets/mr/prd/assets/index-PXDe8wWV.js:24:45264)
    at va (https://gstatic.olympics.com/s3/mc2026/assets/mr/prd/assets/index-PXDe8wWV.js:24:39501)
    at gf (https://gstatic.olympics.com/s3/mc2026/assets/mr/prd/assets/index-PXDe8wWV.js:24:39474)
    at da (https://gstatic.olympics.com/s3/mc2026/assets/mr/prd/assets/index-PXDe8wWV.js:24:34533)
    at E (https://gstatic.olympics.com/s3/mc2026/assets/mr/prd/assets/index-PXDe8wWV.js:9:1563)
    at rt (https://gstatic.olympics.com/s3/mc2026/assets/mr/prd/assets/index-PXDe8wWV.js:9:1930)
    at EventHandlerNonNull* (https://gstatic.olympics.com/s3/mc2026/assets/mr/prd/assets/index-PXDe8wWV.js:9:2103)
    at  (https://gstatic.olympics.com/s3/mc2026/assets/mr/prd/assets/index-PXDe8wWV.js:9:3852)
[    1352ms] Error: Minified React error #423; visit https://reactjs.org/docs/error-decoder.html?invariant=423 for the full message or use the non-minified dev environment for full errors and additional helpful warnings.
    at ga (https://gstatic.olympics.com/s3/mc2026/assets/mr/prd/assets/index-PXDe8wWV.js:24:44924)
    at va (https://gstatic.olympics.com/s3/mc2026/assets/mr/prd/assets/index-PXDe8wWV.js:24:39501)
    at yf (https://gstatic.olympics.com/s3/mc2026/assets/mr/prd/assets/index-PXDe8wWV.js:24:39432)
    at Qr (https://gstatic.olympics.com/s3/mc2026/assets/mr/prd/assets/index-PXDe8wWV.js:24:39289)
    at xi (https://gstatic.olympics.com/s3/mc2026/assets/mr/prd/assets/index-PXDe8wWV.js:24:35710)
    at da (https://gstatic.olympics.com/s3/mc2026/assets/mr/prd/assets/index-PXDe8wWV.js:24:34666)
    at E (https://gstatic.olympics.com/s3/mc2026/assets/mr/prd/assets/index-PXDe8wWV.js:9:1563)
    at rt (https://gstatic.olympics.com/s3/mc2026/assets/mr/prd/assets/index-PXDe8wWV.js:9:1930)
    at EventHandlerNonNull* (https://gstatic.olympics.com/s3/mc2026/assets/mr/prd/assets/index-PXDe8wWV.js:9:2103)
    at  (https://gstatic.olympics.com/s3/mc2026/assets/mr/prd/assets/index-PXDe8wWV.js:9:3852)
[    1376ms] Error: Minified React error #418; visit https://reactjs.org/docs/error-decoder.html?invariant=418 for the full message or use the non-minified dev environment for full errors and additional helpful warnings.
    at si (https://gstatic.olympics.com/s3/mc2026/assets/mr/prd/assets/index-PXDe8wWV.js:22:4788)
    at ga (https://gstatic.olympics.com/s3/mc2026/assets/mr/prd/assets/index-PXDe8wWV.js:24:45264)
    at va (https://gstatic.olympics.com/s3/mc2026/assets/mr/prd/assets/index-PXDe8wWV.js:24:39501)
    at gf (https://gstatic.olympics.com/s3/mc2026/assets/mr/prd/assets/index-PXDe8wWV.js:24:39474)
    at da (https://gstatic.olympics.com/s3/mc2026/assets/mr/prd/assets/index-PXDe8wWV.js:24:34533)
    at E (https://gstatic.olympics.com/s3/mc2026/assets/mr/prd/assets/index-PXDe8wWV.js:9:1563)
    at rt (https://gstatic.olympics.com/s3/mc2026/assets/mr/prd/assets/index-PXDe8wWV.js:9:1930)
    at EventHandlerNonNull* (https://gstatic.olympics.com/s3/mc2026/assets/mr/prd/assets/index-PXDe8wWV.js:9:2103)
    at  (https://gstatic.olympics.com/s3/mc2026/assets/mr/prd/assets/index-PXDe8wWV.js:9:3852)
[    1376ms] Error: Minified React error #418; visit https://reactjs.org/docs/error-decoder.html?invariant=418 for the full message or use the non-minified dev environment for full errors and additional helpful warnings.
    at si (https://gstatic.olympics.com/s3/mc2026/assets/mr/prd/assets/index-PXDe8wWV.js:22:4788)
    at ga (https://gstatic.olympics.com/s3/mc2026/assets/mr/prd/assets/index-PXDe8wWV.js:24:45264)
    at va (https://gstatic.olympics.com/s3/mc2026/assets/mr/prd/assets/index-PXDe8wWV.js:24:39501)
    at gf (https://gstatic.olympics.com/s3/mc2026/assets/mr/prd/assets/index-PXDe8wWV.js:24:39474)
    at da (https://gstatic.olympics.com/s3/mc2026/assets/mr/prd/assets/index-PXDe8wWV.js:24:34533)
    at E (https://gstatic.olympics.com/s3/mc2026/assets/mr/prd/assets/index-PXDe8wWV.js:9:1563)
    at rt (https://gstatic.olympics.com/s3/mc2026/assets/mr/prd/assets/index-PXDe8wWV.js:9:1930)
    at EventHandlerNonNull* (https://gstatic.olympics.com/s3/mc2026/assets/mr/prd/assets/index-PXDe8wWV.js:9:2103)
    at  (https://gstatic.olympics.com/s3/mc2026/assets/mr/prd/assets/index-PXDe8wWV.js:9:3852)
[    1376ms] Error: Minified React error #418; visit https://reactjs.org/docs/error-decoder.html?invariant=418 for the full message or use the non-minified dev environment for full errors and additional helpful warnings.
    at si (https://gstatic.olympics.com/s3/mc2026/assets/mr/prd/assets/index-PXDe8wWV.js:22:4788)
    at ga (https://gstatic.olympics.com/s3/mc2026/assets/mr/prd/assets/index-PXDe8wWV.js:24:45264)
    at va (https://gstatic.olympics.com/s3/mc2026/assets/mr/prd/assets/index-PXDe8wWV.js:24:39501)
    at gf (https://gstatic.olympics.com/s3/mc2026/assets/mr/prd/assets/index-PXDe8wWV.js:24:39474)
    at da (https://gstatic.olympics.com/s3/mc2026/assets/mr/prd/assets/index-PXDe8wWV.js:24:34533)
    at E (https://gstatic.olympics.com/s3/mc2026/assets/mr/prd/assets/index-PXDe8wWV.js:9:1563)
    at rt (https://gstatic.olympics.com/s3/mc2026/assets/mr/prd/assets/index-PXDe8wWV.js:9:1930)
    at EventHandlerNonNull* (https://gstatic.olympics.com/s3/mc2026/assets/mr/prd/assets/index-PXDe8wWV.js:9:2103)
    at  (https://gstatic.olympics.com/s3/mc2026/assets/mr/prd/assets/index-PXDe8wWV.js:9:3852)
[    1377ms] Error: Minified React error #418; visit https://reactjs.org/docs/error-decoder.html?invariant=418 for the full message or use the non-minified dev environment for full errors and additional helpful warnings.
    at si (https://gstatic.olympics.com/s3/mc2026/assets/mr/prd/assets/index-PXDe8wWV.js:22:4788)
    at ga (https://gstatic.olympics.com/s3/mc2026/assets/mr/prd/assets/index-PXDe8wWV.js:24:45264)
    at va (https://gstatic.olympics.com/s3/mc2026/assets/mr/prd/assets/index-PXDe8wWV.js:24:39501)
    at gf (https://gstatic.olympics.com/s3/mc2026/assets/mr/prd/assets/index-PXDe8wWV.js:24:39474)
    at da (https://gstatic.olympics.com/s3/mc2026/assets/mr/prd/assets/index-PXDe8wWV.js:24:34533)
    at E (https://gstatic.olympics.com/s3/mc2026/assets/mr/prd/assets/index-PXDe8wWV.js:9:1563)
    at rt (https://gstatic.olympics.com/s3/mc2026/assets/mr/prd/assets/index-PXDe8wWV.js:9:1930)
    at EventHandlerNonNull* (https://gstatic.olympics.com/s3/mc2026/assets/mr/prd/assets/index-PXDe8wWV.js:9:2103)
    at  (https://gstatic.olympics.com/s3/mc2026/assets/mr/prd/assets/index-PXDe8wWV.js:9:3852)
[    1377ms] Error: Minified React error #418; visit https://reactjs.org/docs/error-decoder.html?invariant=418 for the full message or use the non-minified dev environment for full errors and additional helpful warnings.
    at si (https://gstatic.olympics.com/s3/mc2026/assets/mr/prd/assets/index-PXDe8wWV.js:22:4788)
    at ga (https://gstatic.olympics.com/s3/mc2026/assets/mr/prd/assets/index-PXDe8wWV.js:24:45264)
    at va (https://gstatic.olympics.com/s3/mc2026/assets/mr/prd/assets/index-PXDe8wWV.js:24:39501)
    at gf (https://gstatic.olympics.com/s3/mc2026/assets/mr/prd/assets/index-PXDe8wWV.js:24:39474)
    at da (https://gstatic.olympics.com/s3/mc2026/assets/mr/prd/assets/index-PXDe8wWV.js:24:34533)
    at E (https://gstatic.olympics.com/s3/mc2026/assets/mr/prd/assets/index-PXDe8wWV.js:9:1563)
    at rt (https://gstatic.olympics.com/s3/mc2026/assets/mr/prd/assets/index-PXDe8wWV.js:9:1930)
    at EventHandlerNonNull* (https://gstatic.olympics.com/s3/mc2026/assets/mr/prd/assets/index-PXDe8wWV.js:9:2103)
    at  (https://gstatic.olympics.com/s3/mc2026/assets/mr/prd/assets/index-PXDe8wWV.js:9:3852)
[    1377ms] Error: Minified React error #423; visit https://reactjs.org/docs/error-decoder.html?invariant=423 for the full message or use the non-minified dev environment for full errors and additional helpful warnings.
    at ga (https://gstatic.olympics.com/s3/mc2026/assets/mr/prd/assets/index-PXDe8wWV.js:24:44924)
    at va (https://gstatic.olympics.com/s3/mc2026/assets/mr/prd/assets/index-PXDe8wWV.js:24:39501)
    at yf (https://gstatic.olympics.com/s3/mc2026/assets/mr/prd/assets/index-PXDe8wWV.js:24:39432)
    at Qr (https://gstatic.olympics.com/s3/mc2026/assets/mr/prd/assets/index-PXDe8wWV.js:24:39289)
    at xi (https://gstatic.olympics.com/s3/mc2026/assets/mr/prd/assets/index-PXDe8wWV.js:24:35710)
    at da (https://gstatic.olympics.com/s3/mc2026/assets/mr/prd/assets/index-PXDe8wWV.js:24:34666)
    at E (https://gstatic.olympics.com/s3/mc2026/assets/mr/prd/assets/index-PXDe8wWV.js:9:1563)
    at rt (https://gstatic.olympics.com/s3/mc2026/assets/mr/prd/assets/index-PXDe8wWV.js:9:1930)
    at EventHandlerNonNull* (https://gstatic.olympics.com/s3/mc2026/assets/mr/prd/assets/index-PXDe8wWV.js:9:2103)
    at  (https://gstatic.olympics.com/s3/mc2026/assets/mr/prd/assets/index-PXDe8wWV.js:9:3852)
[    1396ms] Error: Minified React error #425; visit https://reactjs.org/docs/error-decoder.html?invariant=425 for the full message or use the non-minified dev environment for full errors and additional helpful warnings.
    at lr (https://gstatic.olympics.com/s3/mc2026/assets/mr/prd/assets/index-PXDe8wWV.js:22:68)
    at cf (https://gstatic.olympics.com/s3/mc2026/assets/mr/prd/assets/index-PXDe8wWV.js:24:16030)
    at ha (https://gstatic.olympics.com/s3/mc2026/assets/mr/prd/assets/index-PXDe8wWV.js:24:39803)
    at va (https://gstatic.olympics.com/s3/mc2026/assets/mr/prd/assets/index-PXDe8wWV.js:24:39560)
    at gf (https://gstatic.olympics.com/s3/mc2026/assets/mr/prd/assets/index-PXDe8wWV.js:24:39474)
    at da (https://gstatic.olympics.com/s3/mc2026/assets/mr/prd/assets/index-PXDe8wWV.js:24:34533)
    at E (https://gstatic.olympics.com/s3/mc2026/assets/mr/prd/assets/index-PXDe8wWV.js:9:1563)
    at rt (https://gstatic.olympics.com/s3/mc2026/assets/mr/prd/assets/index-PXDe8wWV.js:9:1930)
    at EventHandlerNonNull* (https://gstatic.olympics.com/s3/mc2026/assets/mr/prd/assets/index-PXDe8wWV.js:9:2103)
    at  (https://gstatic.olympics.com/s3/mc2026/assets/mr/prd/assets/index-PXDe8wWV.js:9:3852)
[    1396ms] Error: Minified React error #418; visit https://reactjs.org/docs/error-decoder.html?invariant=418 for the full message or use the non-minified dev environment for full errors and additional helpful warnings.
    at si (https://gstatic.olympics.com/s3/mc2026/assets/mr/prd/assets/index-PXDe8wWV.js:22:4907)
    at ga (https://gstatic.olympics.com/s3/mc2026/assets/mr/prd/assets/index-PXDe8wWV.js:24:45264)
    at va (https://gstatic.olympics.com/s3/mc2026/assets/mr/prd/assets/index-PXDe8wWV.js:24:39501)
    at gf (https://gstatic.olympics.com/s3/mc2026/assets/mr/prd/assets/index-PXDe8wWV.js:24:39474)
    at da (https://gstatic.olympics.com/s3/mc2026/assets/mr/prd/assets/index-PXDe8wWV.js:24:34533)
    at E (https://gstatic.olympics.com/s3/mc2026/assets/mr/prd/assets/index-PXDe8wWV.js:9:1563)
    at rt (https://gstatic.olympics.com/s3/mc2026/assets/mr/prd/assets/index-PXDe8wWV.js:9:1930)
    at EventHandlerNonNull* (https://gstatic.olympics.com/s3/mc2026/assets/mr/prd/assets/index-PXDe8wWV.js:9:2103)
    at  (https://gstatic.olympics.com/s3/mc2026/assets/mr/prd/assets/index-PXDe8wWV.js:9:3852)
[    1396ms] Error: Minified React error #418; visit https://reactjs.org/docs/error-decoder.html?invariant=418 for the full message or use the non-minified dev environment for full errors and additional helpful warnings.
    at si (https://gstatic.olympics.com/s3/mc2026/assets/mr/prd/assets/index-PXDe8wWV.js:22:4907)
    at ga (https://gstatic.olympics.com/s3/mc2026/assets/mr/prd/assets/index-PXDe8wWV.js:24:45264)
    at va (https://gstatic.olympics.com/s3/mc2026/assets/mr/prd/assets/index-PXDe8wWV.js:24:39501)
    at gf (https://gstatic.olympics.com/s3/mc2026/assets/mr/prd/assets/index-PXDe8wWV.js:24:39474)
    at da (https://gstatic.olympics.com/s3/mc2026/assets/mr/prd/assets/index-PXDe8wWV.js:24:34533)
    at E (https://gstatic.olympics.com/s3/mc2026/assets/mr/prd/assets/index-PXDe8wWV.js:9:1563)
    at rt (https://gstatic.olympics.com/s3/mc2026/assets/mr/prd/assets/index-PXDe8wWV.js:9:1930)
    at EventHandlerNonNull* (https://gstatic.olympics.com/s3/mc2026/assets/mr/prd/assets/index-PXDe8wWV.js:9:2103)
    at  (https://gstatic.olympics.com/s3/mc2026/assets/mr/prd/assets/index-PXDe8wWV.js:9:3852)
[    1396ms] Error: Minified React error #418; visit https://reactjs.org/docs/error-decoder.html?invariant=418 for the full message or use the non-minified dev environment for full errors and additional helpful warnings.
    at si (https://gstatic.olympics.com/s3/mc2026/assets/mr/prd/assets/index-PXDe8wWV.js:22:4907)
    at ga (https://gstatic.olympics.com/s3/mc2026/assets/mr/prd/assets/index-PXDe8wWV.js:24:45264)
    at va (https://gstatic.olympics.com/s3/mc2026/assets/mr/prd/assets/index-PXDe8wWV.js:24:39501)
    at gf (https://gstatic.olympics.com/s3/mc2026/assets/mr/prd/assets/index-PXDe8wWV.js:24:39474)
    at da (https://gstatic.olympics.com/s3/mc2026/assets/mr/prd/assets/index-PXDe8wWV.js:24:34533)
    at E (https://gstatic.olympics.com/s3/mc2026/assets/mr/prd/assets/index-PXDe8wWV.js:9:1563)
    at rt (https://gstatic.olympics.com/s3/mc2026/assets/mr/prd/assets/index-PXDe8wWV.js:9:1930)
    at EventHandlerNonNull* (https://gstatic.olympics.com/s3/mc2026/assets/mr/prd/assets/index-PXDe8wWV.js:9:2103)
    at  (https://gstatic.olympics.com/s3/mc2026/assets/mr/prd/assets/index-PXDe8wWV.js:9:3852)
[    1396ms] Error: Minified React error #418; visit https://reactjs.org/docs/error-decoder.html?invariant=418 for the full message or use the non-minified dev environment for full errors and additional helpful warnings.
    at si (https://gstatic.olympics.com/s3/mc2026/assets/mr/prd/assets/index-PXDe8wWV.js:22:4907)
    at ga (https://gstatic.olympics.com/s3/mc2026/assets/mr/prd/assets/index-PXDe8wWV.js:24:45264)
    at va (https://gstatic.olympics.com/s3/mc2026/assets/mr/prd/assets/index-PXDe8wWV.js:24:39501)
    at gf (https://gstatic.olympics.com/s3/mc2026/assets/mr/prd/assets/index-PXDe8wWV.js:24:39474)
    at da (https://gstatic.olympics.com/s3/mc2026/assets/mr/prd/assets/index-PXDe8wWV.js:24:34533)
    at E (https://gstatic.olympics.com/s3/mc2026/assets/mr/prd/assets/index-PXDe8wWV.js:9:1563)
    at rt (https://gstatic.olympics.com/s3/mc2026/assets/mr/prd/assets/index-PXDe8wWV.js:9:1930)
    at EventHandlerNonNull* (https://gstatic.olympics.com/s3/mc2026/assets/mr/prd/assets/index-PXDe8wWV.js:9:2103)
    at  (https://gstatic.olympics.com/s3/mc2026/assets/mr/prd/assets/index-PXDe8wWV.js:9:3852)
[    1396ms] Error: Minified React error #418; visit https://reactjs.org/docs/error-decoder.html?invariant=418 for the full message or use the non-minified dev environment for full errors and additional helpful warnings.
    at si (https://gstatic.olympics.com/s3/mc2026/assets/mr/prd/assets/index-PXDe8wWV.js:22:4907)
    at ga (https://gstatic.olympics.com/s3/mc2026/assets/mr/prd/assets/index-PXDe8wWV.js:24:45264)
    at va (https://gstatic.olympics.com/s3/mc2026/assets/mr/prd/assets/index-PXDe8wWV.js:24:39501)
    at gf (https://gstatic.olympics.com/s3/mc2026/assets/mr/prd/assets/index-PXDe8wWV.js:24:39474)
    at da (https://gstatic.olympics.com/s3/mc2026/assets/mr/prd/assets/index-PXDe8wWV.js:24:34533)
    at E (https://gstatic.olympics.com/s3/mc2026/assets/mr/prd/assets/index-PXDe8wWV.js:9:1563)
    at rt (https://gstatic.olympics.com/s3/mc2026/assets/mr/prd/assets/index-PXDe8wWV.js:9:1930)
    at EventHandlerNonNull* (https://gstatic.olympics.com/s3/mc2026/assets/mr/prd/assets/index-PXDe8wWV.js:9:2103)
    at  (https://gstatic.olympics.com/s3/mc2026/assets/mr/prd/assets/index-PXDe8wWV.js:9:3852)
[    1397ms] Error: Minified React error #418; visit https://reactjs.org/docs/error-decoder.html?invariant=418 for the full message or use the non-minified dev environment for full errors and additional helpful warnings.
    at si (https://gstatic.olympics.com/s3/mc2026/assets/mr/prd/assets/index-PXDe8wWV.js:22:4907)
    at ga (https://gstatic.olympics.com/s3/mc2026/assets/mr/prd/assets/index-PXDe8wWV.js:24:45264)
    at va (https://gstatic.olympics.com/s3/mc2026/assets/mr/prd/assets/index-PXDe8wWV.js:24:39501)
    at gf (https://gstatic.olympics.com/s3/mc2026/assets/mr/prd/assets/index-PXDe8wWV.js:24:39474)
    at da (https://gstatic.olympics.com/s3/mc2026/assets/mr/prd/assets/index-PXDe8wWV.js:24:34533)
    at E (https://gstatic.olympics.com/s3/mc2026/assets/mr/prd/assets/index-PXDe8wWV.js:9:1563)
    at rt (https://gstatic.olympics.com/s3/mc2026/assets/mr/prd/assets/index-PXDe8wWV.js:9:1930)
    at EventHandlerNonNull* (https://gstatic.olympics.com/s3/mc2026/assets/mr/prd/assets/index-PXDe8wWV.js:9:2103)
    at  (https://gstatic.olympics.com/s3/mc2026/assets/mr/prd/assets/index-PXDe8wWV.js:9:3852)
[    1397ms] Error: Minified React error #418; visit https://reactjs.org/docs/error-decoder.html?invariant=418 for the full message or use the non-minified dev environment for full errors and additional helpful warnings.
    at si (https://gstatic.olympics.com/s3/mc2026/assets/mr/prd/assets/index-PXDe8wWV.js:22:4907)
    at ga (https://gstatic.olympics.com/s3/mc2026/assets/mr/prd/assets/index-PXDe8wWV.js:24:45264)
    at va (https://gstatic.olympics.com/s3/mc2026/assets/mr/prd/assets/index-PXDe8wWV.js:24:39501)
    at gf (https://gstatic.olympics.com/s3/mc2026/assets/mr/prd/assets/index-PXDe8wWV.js:24:39474)
    at da (https://gstatic.olympics.com/s3/mc2026/assets/mr/prd/assets/index-PXDe8wWV.js:24:34533)
    at E (https://gstatic.olympics.com/s3/mc2026/assets/mr/prd/assets/index-PXDe8wWV.js:9:1563)
    at rt (https://gstatic.olympics.com/s3/mc2026/assets/mr/prd/assets/index-PXDe8wWV.js:9:1930)
    at EventHandlerNonNull* (https://gstatic.olympics.com/s3/mc2026/assets/mr/prd/assets/index-PXDe8wWV.js:9:2103)
    at  (https://gstatic.olympics.com/s3/mc2026/assets/mr/prd/assets/index-PXDe8wWV.js:9:3852)
[    1397ms] Error: Minified React error #423; visit https://reactjs.org/docs/error-decoder.html?invariant=423 for the full message or use the non-minified dev environment for full errors and additional helpful warnings.
    at ga (https://gstatic.olympics.com/s3/mc2026/assets/mr/prd/assets/index-PXDe8wWV.js:24:44924)
    at va (https://gstatic.olympics.com/s3/mc2026/assets/mr/prd/assets/index-PXDe8wWV.js:24:39501)
    at yf (https://gstatic.olympics.com/s3/mc2026/assets/mr/prd/assets/index-PXDe8wWV.js:24:39432)
    at Qr (https://gstatic.olympics.com/s3/mc2026/assets/mr/prd/assets/index-PXDe8wWV.js:24:39289)
    at xi (https://gstatic.olympics.com/s3/mc2026/assets/mr/prd/assets/index-PXDe8wWV.js:24:35710)
    at da (https://gstatic.olympics.com/s3/mc2026/assets/mr/prd/assets/index-PXDe8wWV.js:24:34666)
    at E (https://gstatic.olympics.com/s3/mc2026/assets/mr/prd/assets/index-PXDe8wWV.js:9:1563)
    at rt (https://gstatic.olympics.com/s3/mc2026/assets/mr/prd/assets/index-PXDe8wWV.js:9:1930)
    at EventHandlerNonNull* (https://gstatic.olympics.com/s3/mc2026/assets/mr/prd/assets/index-PXDe8wWV.js:9:2103)
    at  (https://gstatic.olympics.com/s3/mc2026/assets/mr/prd/assets/index-PXDe8wWV.js:9:3852)
[    1420ms] Error: Minified React error #425; visit https://reactjs.org/docs/error-decoder.html?invariant=425 for the full message or use the non-minified dev environment for full errors and additional helpful warnings.
    at lr (https://gstatic.olympics.com/s3/mc2026/assets/mr/prd/assets/index-PXDe8wWV.js:22:68)
    at cf (https://gstatic.olympics.com/s3/mc2026/assets/mr/prd/assets/index-PXDe8wWV.js:24:16030)
    at ha (https://gstatic.olympics.com/s3/mc2026/assets/mr/prd/assets/index-PXDe8wWV.js:24:39803)
    at va (https://gstatic.olympics.com/s3/mc2026/assets/mr/prd/assets/index-PXDe8wWV.js:24:39560)
    at gf (https://gstatic.olympics.com/s3/mc2026/assets/mr/prd/assets/index-PXDe8wWV.js:24:39474)
    at da (https://gstatic.olympics.com/s3/mc2026/assets/mr/prd/assets/index-PXDe8wWV.js:24:34533)
    at E (https://gstatic.olympics.com/s3/mc2026/assets/mr/prd/assets/index-PXDe8wWV.js:9:1563)
    at rt (https://gstatic.olympics.com/s3/mc2026/assets/mr/prd/assets/index-PXDe8wWV.js:9:1930)
    at EventHandlerNonNull* (https://gstatic.olympics.com/s3/mc2026/assets/mr/prd/assets/index-PXDe8wWV.js:9:2103)
    at  (https://gstatic.olympics.com/s3/mc2026/assets/mr/prd/assets/index-PXDe8wWV.js:9:3852)
[    1420ms] Error: Minified React error #418; visit https://reactjs.org/docs/error-decoder.html?invariant=418 for the full message or use the non-minified dev environment for full errors and additional helpful warnings.
    at si (https://gstatic.olympics.com/s3/mc2026/assets/mr/prd/assets/index-PXDe8wWV.js:22:4907)
    at ga (https://gstatic.olympics.com/s3/mc2026/assets/mr/prd/assets/index-PXDe8wWV.js:24:45264)
    at va (https://gstatic.olympics.com/s3/mc2026/assets/mr/prd/assets/index-PXDe8wWV.js:24:39501)
    at gf (https://gstatic.olympics.com/s3/mc2026/assets/mr/prd/assets/index-PXDe8wWV.js:24:39474)
    at da (https://gstatic.olympics.com/s3/mc2026/assets/mr/prd/assets/index-PXDe8wWV.js:24:34533)
    at E (https://gstatic.olympics.com/s3/mc2026/assets/mr/prd/assets/index-PXDe8wWV.js:9:1563)
    at rt (https://gstatic.olympics.com/s3/mc2026/assets/mr/prd/assets/index-PXDe8wWV.js:9:1930)
    at EventHandlerNonNull* (https://gstatic.olympics.com/s3/mc2026/assets/mr/prd/assets/index-PXDe8wWV.js:9:2103)
    at  (https://gstatic.olympics.com/s3/mc2026/assets/mr/prd/assets/index-PXDe8wWV.js:9:3852)
[    1420ms] Error: Minified React error #418; visit https://reactjs.org/docs/error-decoder.html?invariant=418 for the full message or use the non-minified dev environment for full errors and additional helpful warnings.
    at si (https://gstatic.olympics.com/s3/mc2026/assets/mr/prd/assets/index-PXDe8wWV.js:22:4907)
    at ga (https://gstatic.olympics.com/s3/mc2026/assets/mr/prd/assets/index-PXDe8wWV.js:24:45264)
    at va (https://gstatic.olympics.com/s3/mc2026/assets/mr/prd/assets/index-PXDe8wWV.js:24:39501)
    at gf (https://gstatic.olympics.com/s3/mc2026/assets/mr/prd/assets/index-PXDe8wWV.js:24:39474)
    at da (https://gstatic.olympics.com/s3/mc2026/assets/mr/prd/assets/index-PXDe8wWV.js:24:34533)
    at E (https://gstatic.olympics.com/s3/mc2026/assets/mr/prd/assets/index-PXDe8wWV.js:9:1563)
    at rt (https://gstatic.olympics.com/s3/mc2026/assets/mr/prd/assets/index-PXDe8wWV.js:9:1930)
    at EventHandlerNonNull* (https://gstatic.olympics.com/s3/mc2026/assets/mr/prd/assets/index-PXDe8wWV.js:9:2103)
    at  (https://gstatic.olympics.com/s3/mc2026/assets/mr/prd/assets/index-PXDe8wWV.js:9:3852)
[    1420ms] Error: Minified React error #418; visit https://reactjs.org/docs/error-decoder.html?invariant=418 for the full message or use the non-minified dev environment for full errors and additional helpful warnings.
    at si (https://gstatic.olympics.com/s3/mc2026/assets/mr/prd/assets/index-PXDe8wWV.js:22:4907)
    at ga (https://gstatic.olympics.com/s3/mc2026/assets/mr/prd/assets/index-PXDe8wWV.js:24:45264)
    at va (https://gstatic.olympics.com/s3/mc2026/assets/mr/prd/assets/index-PXDe8wWV.js:24:39501)
    at gf (https://gstatic.olympics.com/s3/mc2026/assets/mr/prd/assets/index-PXDe8wWV.js:24:39474)
    at da (https://gstatic.olympics.com/s3/mc2026/assets/mr/prd/assets/index-PXDe8wWV.js:24:34533)
    at E (https://gstatic.olympics.com/s3/mc2026/assets/mr/prd/assets/index-PXDe8wWV.js:9:1563)
    at rt (https://gstatic.olympics.com/s3/mc2026/assets/mr/prd/assets/index-PXDe8wWV.js:9:1930)
    at EventHandlerNonNull* (https://gstatic.olympics.com/s3/mc2026/assets/mr/prd/assets/index-PXDe8wWV.js:9:2103)
    at  (https://gstatic.olympics.com/s3/mc2026/assets/mr/prd/assets/index-PXDe8wWV.js:9:3852)
[    1421ms] Error: Minified React error #418; visit https://reactjs.org/docs/error-decoder.html?invariant=418 for the full message or use the non-minified dev environment for full errors and additional helpful warnings.
    at si (https://gstatic.olympics.com/s3/mc2026/assets/mr/prd/assets/index-PXDe8wWV.js:22:4907)
    at ga (https://gstatic.olympics.com/s3/mc2026/assets/mr/prd/assets/index-PXDe8wWV.js:24:45264)
    at va (https://gstatic.olympics.com/s3/mc2026/assets/mr/prd/assets/index-PXDe8wWV.js:24:39501)
    at gf (https://gstatic.olympics.com/s3/mc2026/assets/mr/prd/assets/index-PXDe8wWV.js:24:39474)
    at da (https://gstatic.olympics.com/s3/mc2026/assets/mr/prd/assets/index-PXDe8wWV.js:24:34533)
    at E (https://gstatic.olympics.com/s3/mc2026/assets/mr/prd/assets/index-PXDe8wWV.js:9:1563)
    at rt (https://gstatic.olympics.com/s3/mc2026/assets/mr/prd/assets/index-PXDe8wWV.js:9:1930)
    at EventHandlerNonNull* (https://gstatic.olympics.com/s3/mc2026/assets/mr/prd/assets/index-PXDe8wWV.js:9:2103)
    at  (https://gstatic.olympics.com/s3/mc2026/assets/mr/prd/assets/index-PXDe8wWV.js:9:3852)
[    1421ms] Error: Minified React error #418; visit https://reactjs.org/docs/error-decoder.html?invariant=418 for the full message or use the non-minified dev environment for full errors and additional helpful warnings.
    at si (https://gstatic.olympics.com/s3/mc2026/assets/mr/prd/assets/index-PXDe8wWV.js:22:4907)
    at ga (https://gstatic.olympics.com/s3/mc2026/assets/mr/prd/assets/index-PXDe8wWV.js:24:45264)
    at va (https://gstatic.olympics.com/s3/mc2026/assets/mr/prd/assets/index-PXDe8wWV.js:24:39501)
    at gf (https://gstatic.olympics.com/s3/mc2026/assets/mr/prd/assets/index-PXDe8wWV.js:24:39474)
    at da (https://gstatic.olympics.com/s3/mc2026/assets/mr/prd/assets/index-PXDe8wWV.js:24:34533)
    at E (https://gstatic.olympics.com/s3/mc2026/assets/mr/prd/assets/index-PXDe8wWV.js:9:1563)
    at rt (https://gstatic.olympics.com/s3/mc2026/assets/mr/prd/assets/index-PXDe8wWV.js:9:1930)
    at EventHandlerNonNull* (https://gstatic.olympics.com/s3/mc2026/assets/mr/prd/assets/index-PXDe8wWV.js:9:2103)
    at  (https://gstatic.olympics.com/s3/mc2026/assets/mr/prd/assets/index-PXDe8wWV.js:9:3852)
[    1421ms] Error: Minified React error #418; visit https://reactjs.org/docs/error-decoder.html?invariant=418 for the full message or use the non-minified dev environment for full errors and additional helpful warnings.
    at si (https://gstatic.olympics.com/s3/mc2026/assets/mr/prd/assets/index-PXDe8wWV.js:22:4907)
    at ga (https://gstatic.olympics.com/s3/mc2026/assets/mr/prd/assets/index-PXDe8wWV.js:24:45264)
    at va (https://gstatic.olympics.com/s3/mc2026/assets/mr/prd/assets/index-PXDe8wWV.js:24:39501)
    at gf (https://gstatic.olympics.com/s3/mc2026/assets/mr/prd/assets/index-PXDe8wWV.js:24:39474)
    at da (https://gstatic.olympics.com/s3/mc2026/assets/mr/prd/assets/index-PXDe8wWV.js:24:34533)
    at E (https://gstatic.olympics.com/s3/mc2026/assets/mr/prd/assets/index-PXDe8wWV.js:9:1563)
    at rt (https://gstatic.olympics.com/s3/mc2026/assets/mr/prd/assets/index-PXDe8wWV.js:9:1930)
    at EventHandlerNonNull* (https://gstatic.olympics.com/s3/mc2026/assets/mr/prd/assets/index-PXDe8wWV.js:9:2103)
    at  (https://gstatic.olympics.com/s3/mc2026/assets/mr/prd/assets/index-PXDe8wWV.js:9:3852)
[    1421ms] Error: Minified React error #418; visit https://reactjs.org/docs/error-decoder.html?invariant=418 for the full message or use the non-minified dev environment for full errors and additional helpful warnings.
    at si (https://gstatic.olympics.com/s3/mc2026/assets/mr/prd/assets/index-PXDe8wWV.js:22:4907)
    at ga (https://gstatic.olympics.com/s3/mc2026/assets/mr/prd/assets/index-PXDe8wWV.js:24:45264)
    at va (https://gstatic.olympics.com/s3/mc2026/assets/mr/prd/assets/index-PXDe8wWV.js:24:39501)
    at gf (https://gstatic.olympics.com/s3/mc2026/assets/mr/prd/assets/index-PXDe8wWV.js:24:39474)
    at da (https://gstatic.olympics.com/s3/mc2026/assets/mr/prd/assets/index-PXDe8wWV.js:24:34533)
    at E (https://gstatic.olympics.com/s3/mc2026/assets/mr/prd/assets/index-PXDe8wWV.js:9:1563)
    at rt (https://gstatic.olympics.com/s3/mc2026/assets/mr/prd/assets/index-PXDe8wWV.js:9:1930)
    at EventHandlerNonNull* (https://gstatic.olympics.com/s3/mc2026/assets/mr/prd/assets/index-PXDe8wWV.js:9:2103)
    at  (https://gstatic.olympics.com/s3/mc2026/assets/mr/prd/assets/index-PXDe8wWV.js:9:3852)
[    1421ms] Error: Minified React error #423; visit https://reactjs.org/docs/error-decoder.html?invariant=423 for the full message or use the non-minified dev environment for full errors and additional helpful warnings.
    at ga (https://gstatic.olympics.com/s3/mc2026/assets/mr/prd/assets/index-PXDe8wWV.js:24:44924)
    at va (https://gstatic.olympics.com/s3/mc2026/assets/mr/prd/assets/index-PXDe8wWV.js:24:39501)
    at yf (https://gstatic.olympics.com/s3/mc2026/assets/mr/prd/assets/index-PXDe8wWV.js:24:39432)
    at Qr (https://gstatic.olympics.com/s3/mc2026/assets/mr/prd/assets/index-PXDe8wWV.js:24:39289)
    at xi (https://gstatic.olympics.com/s3/mc2026/assets/mr/prd/assets/index-PXDe8wWV.js:24:35710)
    at da (https://gstatic.olympics.com/s3/mc2026/assets/mr/prd/assets/index-PXDe8wWV.js:24:34666)
    at E (https://gstatic.olympics.com/s3/mc2026/assets/mr/prd/assets/index-PXDe8wWV.js:9:1563)
    at rt (https://gstatic.olympics.com/s3/mc2026/assets/mr/prd/assets/index-PXDe8wWV.js:9:1930)
    at EventHandlerNonNull* (https://gstatic.olympics.com/s3/mc2026/assets/mr/prd/assets/index-PXDe8wWV.js:9:2103)
    at  (https://gstatic.olympics.com/s3/mc2026/assets/mr/prd/assets/index-PXDe8wWV.js:9:3852)
[    1665ms] [WARNING] [JavaScript Warning: "WEBGL_debug_renderer_info is deprecated in Firefox and will be removed. Please use RENDERER." {file: "https://www.olympics.com/TAJQUb/C-/Kc/Sdzq/gsyZDMuxA_/ffOzhfD1GafE/cU8oJwgC/Ah8/dLFMGDkxt?v=6d2d3bc8-b86b-a4d2-6ac5-30042cf35f64" line: 1}] @ https://www.olympics.com/TAJQUb/C-/Kc/Sdzq/gsyZDMuxA_/ffOzhfD1GafE/cU8oJwgC/Ah8/dLFMGDkxt?v=6d2d3bc8-b86b-a4d2-6ac5-30042cf35f64:1
[    1665ms] [WARNING] [JavaScript Warning: "WEBGL_debug_renderer_info is deprecated in Firefox and will be removed. Please use RENDERER." {file: "https://www.olympics.com/TAJQUb/C-/Kc/Sdzq/gsyZDMuxA_/ffOzhfD1GafE/cU8oJwgC/Ah8/dLFMGDkxt?v=6d2d3bc8-b86b-a4d2-6ac5-30042cf35f64" line: 1}] @ https://www.olympics.com/TAJQUb/C-/Kc/Sdzq/gsyZDMuxA_/ffOzhfD1GafE/cU8oJwgC/Ah8/dLFMGDkxt?v=6d2d3bc8-b86b-a4d2-6ac5-30042cf35f64:1
[    1705ms] [WARNING] [JavaScript Warning: "WEBGL_debug_renderer_info is deprecated in Firefox and will be removed. Please use RENDERER." {file: "blob:https://www.olympics.com/676b6b25-6304-4266-ab23-ce516ddde2f6" line: 1}] @ blob:https://www.olympics.com/676b6b25-6304-4266-ab23-ce516ddde2f6:1
[    1719ms] [WARNING] [JavaScript Warning: "WEBGL_debug_renderer_info is deprecated in Firefox and will be removed. Please use RENDERER." {file: "blob:https://www.olympics.com/676b6b25-6304-4266-ab23-ce516ddde2f6" line: 1}] @ blob:https://www.olympics.com/676b6b25-6304-4266-ab23-ce516ddde2f6:1
