[     858ms] [WARNING] [JavaScript Warning: "unreachable code after return statement" {file: "https://www.olympics.com/wmr-files/main-YIQVHXA4.js" line: 15}] @ https://www.olympics.com/wmr-files/main-YIQVHXA4.js:15
[     859ms] [WARNING] [JavaScript Warning: "unreachable code after return statement" {file: "https://www.olympics.com/wmr-files/main-YIQVHXA4.js" line: 15}] @ https://www.olympics.com/wmr-files/main-YIQVHXA4.js:15
[     859ms] [WARNING] [JavaScript Warning: "unreachable code after return statement" {file: "https://www.olympics.com/wmr-files/main-YIQVHXA4.js" line: 15}] @ https://www.olympics.com/wmr-files/main-YIQVHXA4.js:15
[    1006ms] [WARNING] [JavaScript Warning: "unreachable code after return statement" {file: "https://www.olympics.com/TAJQUb/C-/Kc/Sdzq/gsyZDMuxA_/ffOzhfD1GafE/cU8oJwgC/Ah8/dLFMGDkxt?v=22614a81-7d9b-77c6-7c5a-ecdcf81a17d4" line: 1}] @ https://www.olympics.com/TAJQUb/C-/Kc/Sdzq/gsyZDMuxA_/ffOzhfD1GafE/cU8oJwgC/Ah8/dLFMGDkxt?v=22614a81-7d9b-77c6-7c5a-ecdcf81a17d4:1
[    1006ms] [WARNING] [JavaScript Warning: "unreachable code after return statement" {file: "https://www.olympics.com/TAJQUb/C-/Kc/Sdzq/gsyZDMuxA_/ffOzhfD1GafE/cU8oJwgC/Ah8/dLFMGDkxt?v=22614a81-7d9b-77c6-7c5a-ecdcf81a17d4" line: 1}] @ https://www.olympics.com/TAJQUb/C-/Kc/Sdzq/gsyZDMuxA_/ffOzhfD1GafE/cU8oJwgC/Ah8/dLFMGDkxt?v=22614a81-7d9b-77c6-7c5a-ecdcf81a17d4:1
[    1425ms] Error: Minified React error #418; visit https://reactjs.org/docs/error-decoder.html?invariant=418 for the full message or use the non-minified dev environment for full errors and additional helpful warnings.
    at si (https://gstatic.olympics.com/s3/mc2026/assets/mr/prd/assets/index-PXDe8wWV.js:22:4788)
    at ga (https://gstatic.olympics.com/s3/mc2026/assets/mr/prd/assets/index-PXDe8wWV.js:24:45264)
    at va (https://gstatic.olympics.com/s3/mc2026/assets/mr/prd/assets/index-PXDe8wWV.js:24:39501)
    at gf (https://gstatic.olympics.com/s3/mc2026/assets/mr/prd/assets/index-PXDe8wWV.js:24:39474)
    at da (https://gstatic.olympics.com/s3/mc2026/assets/mr/prd/assets/index-PXDe8wWV.js:24:34533)
    at E (https://gstatic.olympics.com/s3/mc2026/assets/mr/prd/assets/index-PXDe8wWV.js:9:1563)
    at rt (https://gstatic.olympics.com/s3/mc2026/assets/mr/prd/assets/index-PXDe8wWV.js:9:1930)
    at EventHandlerNonNull* (https://gstatic.olympics.com/s3/mc2026/assets/mr/prd/assets/index-PXDe8wWV.js:9:2103)
    at  (https://gstatic.olympics.com/s3/mc2026/assets/mr/prd/assets/index-PXDe8wWV.js:9:3852)
[    1426ms] Error: Minified React error #418; visit https://reactjs.org/docs/error-decoder.html?invariant=418 for the full message or use the non-minified dev environment for full errors and additional helpful warnings.
    at si (https://gstatic.olympics.com/s3/mc2026/assets/mr/prd/assets/index-PXDe8wWV.js:22:4788)
    at ga (https://gstatic.olympics.com/s3/mc2026/assets/mr/prd/assets/index-PXDe8wWV.js:24:45264)
    at va (https://gstatic.olympics.com/s3/mc2026/assets/mr/prd/assets/index-PXDe8wWV.js:24:39501)
    at gf (https://gstatic.olympics.com/s3/mc2026/assets/mr/prd/assets/index-PXDe8wWV.js:24:39474)
    at da (https://gstatic.olympics.com/s3/mc2026/assets/mr/prd/assets/index-PXDe8wWV.js:24:34533)
    at E (https://gstatic.olympics.com/s3/mc2026/assets/mr/prd/assets/index-PXDe8wWV.js:9:1563)
    at rt (https://gstatic.olympics.com/s3/mc2026/assets/mr/prd/assets/index-PXDe8wWV.js:9:1930)
    at EventHandlerNonNull* (https://gstatic.olympics.com/s3/mc2026/assets/mr/prd/assets/index-PXDe8wWV.js:9:2103)
    at  (https://gstatic.olympics.com/s3/mc2026/assets/mr/prd/assets/index-PXDe8wWV.js:9:3852)
[    1426ms] Error: Minified React error #418; visit https://reactjs.org/docs/error-decoder.html?invariant=418 for the full message or use the non-minified dev environment for full errors and additional helpful warnings.
    at si (https://gstatic.olympics.com/s3/mc2026/assets/mr/prd/assets/index-PXDe8wWV.js:22:4788)
    at ga (https://gstatic.olympics.com/s3/mc2026/assets/mr/prd/assets/index-PXDe8wWV.js:24:45264)
    at va (https://gstatic.olympics.com/s3/mc2026/assets/mr/prd/assets/index-PXDe8wWV.js:24:39501)
    at gf (https://gstatic.olympics.com/s3/mc2026/assets/mr/prd/assets/index-PXDe8wWV.js:24:39474)
    at da (https://gstatic.olympics.com/s3/mc2026/assets/mr/prd/assets/index-PXDe8wWV.js:24:34533)
    at E (https://gstatic.olympics.com/s3/mc2026/assets/mr/prd/assets/index-PXDe8wWV.js:9:1563)
    at rt (https://gstatic.olympics.com/s3/mc2026/assets/mr/prd/assets/index-PXDe8wWV.js:9:1930)
    at EventHandlerNonNull* (https://gstatic.olympics.com/s3/mc2026/assets/mr/prd/assets/index-PXDe8wWV.js:9:2103)
    at  (https://gstatic.olympics.com/s3/mc2026/assets/mr/prd/assets/index-PXDe8wWV.js:9:3852)
[    1426ms] Error: Minified React error #418; visit https://reactjs.org/docs/error-decoder.html?invariant=418 for the full message or use the non-minified dev environment for full errors and additional helpful warnings.
    at si (https://gstatic.olympics.com/s3/mc2026/assets/mr/prd/assets/index-PXDe8wWV.js:22:4788)
    at ga (https://gstatic.olympics.com/s3/mc2026/assets/mr/prd/assets/index-PXDe8wWV.js:24:45264)
    at va (https://gstatic.olympics.com/s3/mc2026/assets/mr/prd/assets/index-PXDe8wWV.js:24:39501)
    at gf (https://gstatic.olympics.com/s3/mc2026/assets/mr/prd/assets/index-PXDe8wWV.js:24:39474)
    at da (https://gstatic.olympics.com/s3/mc2026/assets/mr/prd/assets/index-PXDe8wWV.js:24:34533)
    at E (https://gstatic.olympics.com/s3/mc2026/assets/mr/prd/assets/index-PXDe8wWV.js:9:1563)
    at rt (https://gstatic.olympics.com/s3/mc2026/assets/mr/prd/assets/index-PXDe8wWV.js:9:1930)
    at EventHandlerNonNull* (https://gstatic.olympics.com/s3/mc2026/assets/mr/prd/assets/index-PXDe8wWV.js:9:2103)
    at  (https://gstatic.olympics.com/s3/mc2026/assets/mr/prd/assets/index-PXDe8wWV.js:9:3852)
[    1426ms] Error: Minified React error #418; visit https://reactjs.org/docs/error-decoder.html?invariant=418 for the full message or use the non-minified dev environment for full errors and additional helpful warnings.
    at si (https://gstatic.olympics.com/s3/mc2026/assets/mr/prd/assets/index-PXDe8wWV.js:22:4788)
    at ga (https://gstatic.olympics.com/s3/mc2026/assets/mr/prd/assets/index-PXDe8wWV.js:24:45264)
    at va (https://gstatic.olympics.com/s3/mc2026/assets/mr/prd/assets/index-PXDe8wWV.js:24:39501)
    at gf (https://gstatic.olympics.com/s3/mc2026/assets/mr/prd/assets/index-PXDe8wWV.js:24:39474)
    at da (https://gstatic.olympics.com/s3/mc2026/assets/mr/prd/assets/index-PXDe8wWV.js:24:34533)
    at E (https://gstatic.olympics.com/s3/mc2026/assets/mr/prd/assets/index-PXDe8wWV.js:9:1563)
    at rt (https://gstatic.olympics.com/s3/mc2026/assets/mr/prd/assets/index-PXDe8wWV.js:9:1930)
    at EventHandlerNonNull* (https://gstatic.olympics.com/s3/mc2026/assets/mr/prd/assets/index-PXDe8wWV.js:9:2103)
    at  (https://gstatic.olympics.com/s3/mc2026/assets/mr/prd/assets/index-PXDe8wWV.js:9:3852)
[    1426ms] Error: Minified React error #423; visit https://reactjs.org/docs/error-decoder.html?invariant=423 for the full message or use the non-minified dev environment for full errors and additional helpful warnings.
    at ga (https://gstatic.olympics.com/s3/mc2026/assets/mr/prd/assets/index-PXDe8wWV.js:24:44924)
    at va (https://gstatic.olympics.com/s3/mc2026/assets/mr/prd/assets/index-PXDe8wWV.js:24:39501)
    at yf (https://gstatic.olympics.com/s3/mc2026/assets/mr/prd/assets/index-PXDe8wWV.js:24:39432)
    at Qr (https://gstatic.olympics.com/s3/mc2026/assets/mr/prd/assets/index-PXDe8wWV.js:24:39289)
    at xi (https://gstatic.olympics.com/s3/mc2026/assets/mr/prd/assets/index-PXDe8wWV.js:24:35710)
    at da (https://gstatic.olympics.com/s3/mc2026/assets/mr/prd/assets/index-PXDe8wWV.js:24:34666)
    at E (https://gstatic.olympics.com/s3/mc2026/assets/mr/prd/assets/index-PXDe8wWV.js:9:1563)
    at rt (https://gstatic.olympics.com/s3/mc2026/assets/mr/prd/assets/index-PXDe8wWV.js:9:1930)
    at EventHandlerNonNull* (https://gstatic.olympics.com/s3/mc2026/assets/mr/prd/assets/index-PXDe8wWV.js:9:2103)
    at  (https://gstatic.olympics.com/s3/mc2026/assets/mr/prd/assets/index-PXDe8wWV.js:9:3852)
[    1492ms] Error: Minified React error #425; visit https://reactjs.org/docs/error-decoder.html?invariant=425 for the full message or use the non-minified dev environment for full errors and additional helpful warnings.
    at lr (https://gstatic.olympics.com/s3/mc2026/assets/mr/prd/assets/index-PXDe8wWV.js:22:68)
    at cf (https://gstatic.olympics.com/s3/mc2026/assets/mr/prd/assets/index-PXDe8wWV.js:24:16030)
    at ha (https://gstatic.olympics.com/s3/mc2026/assets/mr/prd/assets/index-PXDe8wWV.js:24:39803)
    at va (https://gstatic.olympics.com/s3/mc2026/assets/mr/prd/assets/index-PXDe8wWV.js:24:39560)
    at gf (https://gstatic.olympics.com/s3/mc2026/assets/mr/prd/assets/index-PXDe8wWV.js:24:39474)
    at da (https://gstatic.olympics.com/s3/mc2026/assets/mr/prd/assets/index-PXDe8wWV.js:24:34533)
    at E (https://gstatic.olympics.com/s3/mc2026/assets/mr/prd/assets/index-PXDe8wWV.js:9:1563)
    at rt (https://gstatic.olympics.com/s3/mc2026/assets/mr/prd/assets/index-PXDe8wWV.js:9:1930)
    at EventHandlerNonNull* (https://gstatic.olympics.com/s3/mc2026/assets/mr/prd/assets/index-PXDe8wWV.js:9:2103)
    at  (https://gstatic.olympics.com/s3/mc2026/assets/mr/prd/assets/index-PXDe8wWV.js:9:3852)
[    1492ms] Error: Minified React error #418; visit https://reactjs.org/docs/error-decoder.html?invariant=418 for the full message or use the non-minified dev environment for full errors and additional helpful warnings.
    at si (https://gstatic.olympics.com/s3/mc2026/assets/mr/prd/assets/index-PXDe8wWV.js:22:4907)
    at ga (https://gstatic.olympics.com/s3/mc2026/assets/mr/prd/assets/index-PXDe8wWV.js:24:45264)
    at va (https://gstatic.olympics.com/s3/mc2026/assets/mr/prd/assets/index-PXDe8wWV.js:24:39501)
    at gf (https://gstatic.olympics.com/s3/mc2026/assets/mr/prd/assets/index-PXDe8wWV.js:24:39474)
    at da (https://gstatic.olympics.com/s3/mc2026/assets/mr/prd/assets/index-PXDe8wWV.js:24:34533)
    at E (https://gstatic.olympics.com/s3/mc2026/assets/mr/prd/assets/index-PXDe8wWV.js:9:1563)
    at rt (https://gstatic.olympics.com/s3/mc2026/assets/mr/prd/assets/index-PXDe8wWV.js:9:1930)
    at EventHandlerNonNull* (https://gstatic.olympics.com/s3/mc2026/assets/mr/prd/assets/index-PXDe8wWV.js:9:2103)
    at  (https://gstatic.olympics.com/s3/mc2026/assets/mr/prd/assets/index-PXDe8wWV.js:9:3852)
[    1493ms] Error: Minified React error #418; visit https://reactjs.org/docs/error-decoder.html?invariant=418 for the full message or use the non-minified dev environment for full errors and additional helpful warnings.
    at si (https://gstatic.olympics.com/s3/mc2026/assets/mr/prd/assets/index-PXDe8wWV.js:22:4907)
    at ga (https://gstatic.olympics.com/s3/mc2026/assets/mr/prd/assets/index-PXDe8wWV.js:24:45264)
    at va (https://gstatic.olympics.com/s3/mc2026/assets/mr/prd/assets/index-PXDe8wWV.js:24:39501)
    at gf (https://gstatic.olympics.com/s3/mc2026/assets/mr/prd/assets/index-PXDe8wWV.js:24:39474)
    at da (https://gstatic.olympics.com/s3/mc2026/assets/mr/prd/assets/index-PXDe8wWV.js:24:34533)
    at E (https://gstatic.olympics.com/s3/mc2026/assets/mr/prd/assets/index-PXDe8wWV.js:9:1563)
    at rt (https://gstatic.olympics.com/s3/mc2026/assets/mr/prd/assets/index-PXDe8wWV.js:9:1930)
    at EventHandlerNonNull* (https://gstatic.olympics.com/s3/mc2026/assets/mr/prd/assets/index-PXDe8wWV.js:9:2103)
    at  (https://gstatic.olympics.com/s3/mc2026/assets/mr/prd/assets/index-PXDe8wWV.js:9:3852)
[    1493ms] Error: Minified React error #418; visit https://reactjs.org/docs/error-decoder.html?invariant=418 for the full message or use the non-minified dev environment for full errors and additional helpful warnings.
    at si (https://gstatic.olympics.com/s3/mc2026/assets/mr/prd/assets/index-PXDe8wWV.js:22:4907)
    at ga (https://gstatic.olympics.com/s3/mc2026/assets/mr/prd/assets/index-PXDe8wWV.js:24:45264)
    at va (https://gstatic.olympics.com/s3/mc2026/assets/mr/prd/assets/index-PXDe8wWV.js:24:39501)
    at gf (https://gstatic.olympics.com/s3/mc2026/assets/mr/prd/assets/index-PXDe8wWV.js:24:39474)
    at da (https://gstatic.olympics.com/s3/mc2026/assets/mr/prd/assets/index-PXDe8wWV.js:24:34533)
    at E (https://gstatic.olympics.com/s3/mc2026/assets/mr/prd/assets/index-PXDe8wWV.js:9:1563)
    at rt (https://gstatic.olympics.com/s3/mc2026/assets/mr/prd/assets/index-PXDe8wWV.js:9:1930)
    at EventHandlerNonNull* (https://gstatic.olympics.com/s3/mc2026/assets/mr/prd/assets/index-PXDe8wWV.js:9:2103)
    at  (https://gstatic.olympics.com/s3/mc2026/assets/mr/prd/assets/index-PXDe8wWV.js:9:3852)
[    1493ms] Error: Minified React error #418; visit https://reactjs.org/docs/error-decoder.html?invariant=418 for the full message or use the non-minified dev environment for full errors and additional helpful warnings.
    at si (https://gstatic.olympics.com/s3/mc2026/assets/mr/prd/assets/index-PXDe8wWV.js:22:4907)
    at ga (https://gstatic.olympics.com/s3/mc2026/assets/mr/prd/assets/index-PXDe8wWV.js:24:45264)
    at va (https://gstatic.olympics.com/s3/mc2026/assets/mr/prd/assets/index-PXDe8wWV.js:24:39501)
    at gf (https://gstatic.olympics.com/s3/mc2026/assets/mr/prd/assets/index-PXDe8wWV.js:24:39474)
    at da (https://gstatic.olympics.com/s3/mc2026/assets/mr/prd/assets/index-PXDe8wWV.js:24:34533)
    at E (https://gstatic.olympics.com/s3/mc2026/assets/mr/prd/assets/index-PXDe8wWV.js:9:1563)
    at rt (https://gstatic.olympics.com/s3/mc2026/assets/mr/prd/assets/index-PXDe8wWV.js:9:1930)
    at EventHandlerNonNull* (https://gstatic.olympics.com/s3/mc2026/assets/mr/prd/assets/index-PXDe8wWV.js:9:2103)
    at  (https://gstatic.olympics.com/s3/mc2026/assets/mr/prd/assets/index-PXDe8wWV.js:9:3852)
[    1493ms] Error: Minified React error #418; visit https://reactjs.org/docs/error-decoder.html?invariant=418 for the full message or use the non-minified dev environment for full errors and additional helpful warnings.
    at si (https://gstatic.olympics.com/s3/mc2026/assets/mr/prd/assets/index-PXDe8wWV.js:22:4907)
    at ga (https://gstatic.olympics.com/s3/mc2026/assets/mr/prd/assets/index-PXDe8wWV.js:24:45264)
    at va (https://gstatic.olympics.com/s3/mc2026/assets/mr/prd/assets/index-PXDe8wWV.js:24:39501)
    at gf (https://gstatic.olympics.com/s3/mc2026/assets/mr/prd/assets/index-PXDe8wWV.js:24:39474)
    at da (https://gstatic.olympics.com/s3/mc2026/assets/mr/prd/assets/index-PXDe8wWV.js:24:34533)
    at E (https://gstatic.olympics.com/s3/mc2026/assets/mr/prd/assets/index-PXDe8wWV.js:9:1563)
    at rt (https://gstatic.olympics.com/s3/mc2026/assets/mr/prd/assets/index-PXDe8wWV.js:9:1930)
    at EventHandlerNonNull* (https://gstatic.olympics.com/s3/mc2026/assets/mr/prd/assets/index-PXDe8wWV.js:9:2103)
    at  (https://gstatic.olympics.com/s3/mc2026/assets/mr/prd/assets/index-PXDe8wWV.js:9:3852)
[    1493ms] Error: Minified React error #418; visit https://reactjs.org/docs/error-decoder.html?invariant=418 for the full message or use the non-minified dev environment for full errors and additional helpful warnings.
    at si (https://gstatic.olympics.com/s3/mc2026/assets/mr/prd/assets/index-PXDe8wWV.js:22:4907)
    at ga (https://gstatic.olympics.com/s3/mc2026/assets/mr/prd/assets/index-PXDe8wWV.js:24:45264)
    at va (https://gstatic.olympics.com/s3/mc2026/assets/mr/prd/assets/index-PXDe8wWV.js:24:39501)
    at gf (https://gstatic.olympics.com/s3/mc2026/assets/mr/prd/assets/index-PXDe8wWV.js:24:39474)
    at da (https://gstatic.olympics.com/s3/mc2026/assets/mr/prd/assets/index-PXDe8wWV.js:24:34533)
    at E (https://gstatic.olympics.com/s3/mc2026/assets/mr/prd/assets/index-PXDe8wWV.js:9:1563)
    at rt (https://gstatic.olympics.com/s3/mc2026/assets/mr/prd/assets/index-PXDe8wWV.js:9:1930)
    at EventHandlerNonNull* (https://gstatic.olympics.com/s3/mc2026/assets/mr/prd/assets/index-PXDe8wWV.js:9:2103)
    at  (https://gstatic.olympics.com/s3/mc2026/assets/mr/prd/assets/index-PXDe8wWV.js:9:3852)
[    1493ms] Error: Minified React error #418; visit https://reactjs.org/docs/error-decoder.html?invariant=418 for the full message or use the non-minified dev environment for full errors and additional helpful warnings.
    at si (https://gstatic.olympics.com/s3/mc2026/assets/mr/prd/assets/index-PXDe8wWV.js:22:4907)
    at ga (https://gstatic.olympics.com/s3/mc2026/assets/mr/prd/assets/index-PXDe8wWV.js:24:45264)
    at va (https://gstatic.olympics.com/s3/mc2026/assets/mr/prd/assets/index-PXDe8wWV.js:24:39501)
    at gf (https://gstatic.olympics.com/s3/mc2026/assets/mr/prd/assets/index-PXDe8wWV.js:24:39474)
    at da (https://gstatic.olympics.com/s3/mc2026/assets/mr/prd/assets/index-PXDe8wWV.js:24:34533)
    at E (https://gstatic.olympics.com/s3/mc2026/assets/mr/prd/assets/index-PXDe8wWV.js:9:1563)
    at rt (https://gstatic.olympics.com/s3/mc2026/assets/mr/prd/assets/index-PXDe8wWV.js:9:1930)
    at EventHandlerNonNull* (https://gstatic.olympics.com/s3/mc2026/assets/mr/prd/assets/index-PXDe8wWV.js:9:2103)
    at  (https://gstatic.olympics.com/s3/mc2026/assets/mr/prd/assets/index-PXDe8wWV.js:9:3852)
[    1494ms] Error: Minified React error #423; visit https://reactjs.org/docs/error-decoder.html?invariant=423 for the full message or use the non-minified dev environment for full errors and additional helpful warnings.
    at ga (https://gstatic.olympics.com/s3/mc2026/assets/mr/prd/assets/index-PXDe8wWV.js:24:44924)
    at va (https://gstatic.olympics.com/s3/mc2026/assets/mr/prd/assets/index-PXDe8wWV.js:24:39501)
    at yf (https://gstatic.olympics.com/s3/mc2026/assets/mr/prd/assets/index-PXDe8wWV.js:24:39432)
    at Qr (https://gstatic.olympics.com/s3/mc2026/assets/mr/prd/assets/index-PXDe8wWV.js:24:39289)
    at xi (https://gstatic.olympics.com/s3/mc2026/assets/mr/prd/assets/index-PXDe8wWV.js:24:35710)
    at da (https://gstatic.olympics.com/s3/mc2026/assets/mr/prd/assets/index-PXDe8wWV.js:24:34666)
    at E (https://gstatic.olympics.com/s3/mc2026/assets/mr/prd/assets/index-PXDe8wWV.js:9:1563)
    at rt (https://gstatic.olympics.com/s3/mc2026/assets/mr/prd/assets/index-PXDe8wWV.js:9:1930)
    at EventHandlerNonNull* (https://gstatic.olympics.com/s3/mc2026/assets/mr/prd/assets/index-PXDe8wWV.js:9:2103)
    at  (https://gstatic.olympics.com/s3/mc2026/assets/mr/prd/assets/index-PXDe8wWV.js:9:3852)
[    1760ms] [WARNING] [JavaScript Warning: "WEBGL_debug_renderer_info is deprecated in Firefox and will be removed. Please use RENDERER." {file: "https://www.olympics.com/TAJQUb/C-/Kc/Sdzq/gsyZDMuxA_/ffOzhfD1GafE/cU8oJwgC/Ah8/dLFMGDkxt?v=22614a81-7d9b-77c6-7c5a-ecdcf81a17d4" line: 1}] @ https://www.olympics.com/TAJQUb/C-/Kc/Sdzq/gsyZDMuxA_/ffOzhfD1GafE/cU8oJwgC/Ah8/dLFMGDkxt?v=22614a81-7d9b-77c6-7c5a-ecdcf81a17d4:1
[    1761ms] [WARNING] [JavaScript Warning: "WEBGL_debug_renderer_info is deprecated in Firefox and will be removed. Please use RENDERER." {file: "https://www.olympics.com/TAJQUb/C-/Kc/Sdzq/gsyZDMuxA_/ffOzhfD1GafE/cU8oJwgC/Ah8/dLFMGDkxt?v=22614a81-7d9b-77c6-7c5a-ecdcf81a17d4" line: 1}] @ https://www.olympics.com/TAJQUb/C-/Kc/Sdzq/gsyZDMuxA_/ffOzhfD1GafE/cU8oJwgC/Ah8/dLFMGDkxt?v=22614a81-7d9b-77c6-7c5a-ecdcf81a17d4:1
[    1810ms] [WARNING] [JavaScript Warning: "WEBGL_debug_renderer_info is deprecated in Firefox and will be removed. Please use RENDERER." {file: "blob:https://www.olympics.com/90c30f09-7dd6-4adf-abbf-6157f02b635e" line: 1}] @ blob:https://www.olympics.com/90c30f09-7dd6-4adf-abbf-6157f02b635e:1
[    1824ms] [WARNING] [JavaScript Warning: "WEBGL_debug_renderer_info is deprecated in Firefox and will be removed. Please use RENDERER." {file: "blob:https://www.olympics.com/90c30f09-7dd6-4adf-abbf-6157f02b635e" line: 1}] @ blob:https://www.olympics.com/90c30f09-7dd6-4adf-abbf-6157f02b635e:1
