[     853ms] [WARNING] [JavaScript Warning: "unreachable code after return statement" {file: "https://www.olympics.com/wmr-files/main-YIQVHXA4.js" line: 15}] @ https://www.olympics.com/wmr-files/main-YIQVHXA4.js:15
[     854ms] [WARNING] [JavaScript Warning: "unreachable code after return statement" {file: "https://www.olympics.com/wmr-files/main-YIQVHXA4.js" line: 15}] @ https://www.olympics.com/wmr-files/main-YIQVHXA4.js:15
[     854ms] [WARNING] [JavaScript Warning: "unreachable code after return statement" {file: "https://www.olympics.com/wmr-files/main-YIQVHXA4.js" line: 15}] @ https://www.olympics.com/wmr-files/main-YIQVHXA4.js:15
[    1003ms] [WARNING] [JavaScript Warning: "unreachable code after return statement" {file: "https://www.olympics.com/TAJQUb/C-/Kc/Sdzq/gsyZDMuxA_/ffOzhfD1GafE/cU8oJwgC/QBQ/9dl1lQkpt?v=373f556c-edf1-e3f3-0937-67d3ff2117d4" line: 1}] @ https://www.olympics.com/TAJQUb/C-/Kc/Sdzq/gsyZDMuxA_/ffOzhfD1GafE/cU8oJwgC/QBQ/9dl1lQkpt?v=373f556c-edf1-e3f3-0937-67d3ff2117d4:1
[    1245ms] Error: Minified React error #418; visit https://reactjs.org/docs/error-decoder.html?invariant=418 for the full message or use the non-minified dev environment for full errors and additional helpful warnings.
    at si (https://gstatic.olympics.com/s3/mc2026/assets/mr/prd/assets/index-PXDe8wWV.js:22:4788)
    at ga (https://gstatic.olympics.com/s3/mc2026/assets/mr/prd/assets/index-PXDe8wWV.js:24:45264)
    at va (https://gstatic.olympics.com/s3/mc2026/assets/mr/prd/assets/index-PXDe8wWV.js:24:39501)
    at gf (https://gstatic.olympics.com/s3/mc2026/assets/mr/prd/assets/index-PXDe8wWV.js:24:39474)
    at da (https://gstatic.olympics.com/s3/mc2026/assets/mr/prd/assets/index-PXDe8wWV.js:24:34533)
    at E (https://gstatic.olympics.com/s3/mc2026/assets/mr/prd/assets/index-PXDe8wWV.js:9:1563)
    at rt (https://gstatic.olympics.com/s3/mc2026/assets/mr/prd/assets/index-PXDe8wWV.js:9:1930)
    at EventHandlerNonNull* (https://gstatic.olympics.com/s3/mc2026/assets/mr/prd/assets/index-PXDe8wWV.js:9:2103)
    at  (https://gstatic.olympics.com/s3/mc2026/assets/mr/prd/assets/index-PXDe8wWV.js:9:3852)
[    1245ms] Error: Minified React error #418; visit https://reactjs.org/docs/error-decoder.html?invariant=418 for the full message or use the non-minified dev environment for full errors and additional helpful warnings.
    at si (https://gstatic.olympics.com/s3/mc2026/assets/mr/prd/assets/index-PXDe8wWV.js:22:4788)
    at ga (https://gstatic.olympics.com/s3/mc2026/assets/mr/prd/assets/index-PXDe8wWV.js:24:45264)
    at va (https://gstatic.olympics.com/s3/mc2026/assets/mr/prd/assets/index-PXDe8wWV.js:24:39501)
    at gf (https://gstatic.olympics.com/s3/mc2026/assets/mr/prd/assets/index-PXDe8wWV.js:24:39474)
    at da (https://gstatic.olympics.com/s3/mc2026/assets/mr/prd/assets/index-PXDe8wWV.js:24:34533)
    at E (https://gstatic.olympics.com/s3/mc2026/assets/mr/prd/assets/index-PXDe8wWV.js:9:1563)
    at rt (https://gstatic.olympics.com/s3/mc2026/assets/mr/prd/assets/index-PXDe8wWV.js:9:1930)
    at EventHandlerNonNull* (https://gstatic.olympics.com/s3/mc2026/assets/mr/prd/assets/index-PXDe8wWV.js:9:2103)
    at  (https://gstatic.olympics.com/s3/mc2026/assets/mr/prd/assets/index-PXDe8wWV.js:9:3852)
[    1245ms] Error: Minified React error #418; visit https://reactjs.org/docs/error-decoder.html?invariant=418 for the full message or use the non-minified dev environment for full errors and additional helpful warnings.
    at si (https://gstatic.olympics.com/s3/mc2026/assets/mr/prd/assets/index-PXDe8wWV.js:22:4788)
    at ga (https://gstatic.olympics.com/s3/mc2026/assets/mr/prd/assets/index-PXDe8wWV.js:24:45264)
    at va (https://gstatic.olympics.com/s3/mc2026/assets/mr/prd/assets/index-PXDe8wWV.js:24:39501)
    at gf (https://gstatic.olympics.com/s3/mc2026/assets/mr/prd/assets/index-PXDe8wWV.js:24:39474)
    at da (https://gstatic.olympics.com/s3/mc2026/assets/mr/prd/assets/index-PXDe8wWV.js:24:34533)
    at E (https://gstatic.olympics.com/s3/mc2026/assets/mr/prd/assets/index-PXDe8wWV.js:9:1563)
    at rt (https://gstatic.olympics.com/s3/mc2026/assets/mr/prd/assets/index-PXDe8wWV.js:9:1930)
    at EventHandlerNonNull* (https://gstatic.olympics.com/s3/mc2026/assets/mr/prd/assets/index-PXDe8wWV.js:9:2103)
    at  (https://gstatic.olympics.com/s3/mc2026/assets/mr/prd/assets/index-PXDe8wWV.js:9:3852)
[    1245ms] Error: Minified React error #418; visit https://reactjs.org/docs/error-decoder.html?invariant=418 for the full message or use the non-minified dev environment for full errors and additional helpful warnings.
    at si (https://gstatic.olympics.com/s3/mc2026/assets/mr/prd/assets/index-PXDe8wWV.js:22:4788)
    at ga (https://gstatic.olympics.com/s3/mc2026/assets/mr/prd/assets/index-PXDe8wWV.js:24:45264)
    at va (https://gstatic.olympics.com/s3/mc2026/assets/mr/prd/assets/index-PXDe8wWV.js:24:39501)
    at gf (https://gstatic.olympics.com/s3/mc2026/assets/mr/prd/assets/index-PXDe8wWV.js:24:39474)
    at da (https://gstatic.olympics.com/s3/mc2026/assets/mr/prd/assets/index-PXDe8wWV.js:24:34533)
    at E (https://gstatic.olympics.com/s3/mc2026/assets/mr/prd/assets/index-PXDe8wWV.js:9:1563)
    at rt (https://gstatic.olympics.com/s3/mc2026/assets/mr/prd/assets/index-PXDe8wWV.js:9:1930)
    at EventHandlerNonNull* (https://gstatic.olympics.com/s3/mc2026/assets/mr/prd/assets/index-PXDe8wWV.js:9:2103)
    at  (https://gstatic.olympics.com/s3/mc2026/assets/mr/prd/assets/index-PXDe8wWV.js:9:3852)
[    1245ms] Error: Minified React error #418; visit https://reactjs.org/docs/error-decoder.html?invariant=418 for the full message or use the non-minified dev environment for full errors and additional helpful warnings.
    at si (https://gstatic.olympics.com/s3/mc2026/assets/mr/prd/assets/index-PXDe8wWV.js:22:4788)
    at ga (https://gstatic.olympics.com/s3/mc2026/assets/mr/prd/assets/index-PXDe8wWV.js:24:45264)
    at va (https://gstatic.olympics.com/s3/mc2026/assets/mr/prd/assets/index-PXDe8wWV.js:24:39501)
    at gf (https://gstatic.olympics.com/s3/mc2026/assets/mr/prd/assets/index-PXDe8wWV.js:24:39474)
    at da (https://gstatic.olympics.com/s3/mc2026/assets/mr/prd/assets/index-PXDe8wWV.js:24:34533)
    at E (https://gstatic.olympics.com/s3/mc2026/assets/mr/prd/assets/index-PXDe8wWV.js:9:1563)
    at rt (https://gstatic.olympics.com/s3/mc2026/assets/mr/prd/assets/index-PXDe8wWV.js:9:1930)
    at EventHandlerNonNull* (https://gstatic.olympics.com/s3/mc2026/assets/mr/prd/assets/index-PXDe8wWV.js:9:2103)
    at  (https://gstatic.olympics.com/s3/mc2026/assets/mr/prd/assets/index-PXDe8wWV.js:9:3852)
[    1245ms] Error: Minified React error #423; visit https://reactjs.org/docs/error-decoder.html?invariant=423 for the full message or use the non-minified dev environment for full errors and additional helpful warnings.
    at ga (https://gstatic.olympics.com/s3/mc2026/assets/mr/prd/assets/index-PXDe8wWV.js:24:44924)
    at va (https://gstatic.olympics.com/s3/mc2026/assets/mr/prd/assets/index-PXDe8wWV.js:24:39501)
    at yf (https://gstatic.olympics.com/s3/mc2026/assets/mr/prd/assets/index-PXDe8wWV.js:24:39432)
    at Qr (https://gstatic.olympics.com/s3/mc2026/assets/mr/prd/assets/index-PXDe8wWV.js:24:39289)
    at xi (https://gstatic.olympics.com/s3/mc2026/assets/mr/prd/assets/index-PXDe8wWV.js:24:35710)
    at da (https://gstatic.olympics.com/s3/mc2026/assets/mr/prd/assets/index-PXDe8wWV.js:24:34666)
    at E (https://gstatic.olympics.com/s3/mc2026/assets/mr/prd/assets/index-PXDe8wWV.js:9:1563)
    at rt (https://gstatic.olympics.com/s3/mc2026/assets/mr/prd/assets/index-PXDe8wWV.js:9:1930)
    at EventHandlerNonNull* (https://gstatic.olympics.com/s3/mc2026/assets/mr/prd/assets/index-PXDe8wWV.js:9:2103)
    at  (https://gstatic.olympics.com/s3/mc2026/assets/mr/prd/assets/index-PXDe8wWV.js:9:3852)
[    1292ms] [WARNING] [OCSModule] https://modapi.olympics.com/mc2026/client/en/external/mico-2026/header disconnected @ https://gstatic.olympics.com/s3/mc2026/assets/mr/prd/ocs-entry.js:21
[    1300ms] [WARNING] [OCSModule] https://modapi.olympics.com/mc2026/client/en/external/mico-2026/footer disconnected @ https://gstatic.olympics.com/s3/mc2026/assets/mr/prd/ocs-entry.js:21
[    1425ms] Error: Minified React error #418; visit https://reactjs.org/docs/error-decoder.html?invariant=418 for the full message or use the non-minified dev environment for full errors and additional helpful warnings.
    at si (https://gstatic.olympics.com/s3/mc2026/assets/mr/prd/assets/index-PXDe8wWV.js:22:4788)
    at ga (https://gstatic.olympics.com/s3/mc2026/assets/mr/prd/assets/index-PXDe8wWV.js:24:45264)
    at va (https://gstatic.olympics.com/s3/mc2026/assets/mr/prd/assets/index-PXDe8wWV.js:24:39501)
    at gf (https://gstatic.olympics.com/s3/mc2026/assets/mr/prd/assets/index-PXDe8wWV.js:24:39474)
    at da (https://gstatic.olympics.com/s3/mc2026/assets/mr/prd/assets/index-PXDe8wWV.js:24:34533)
    at E (https://gstatic.olympics.com/s3/mc2026/assets/mr/prd/assets/index-PXDe8wWV.js:9:1563)
    at rt (https://gstatic.olympics.com/s3/mc2026/assets/mr/prd/assets/index-PXDe8wWV.js:9:1930)
    at EventHandlerNonNull* (https://gstatic.olympics.com/s3/mc2026/assets/mr/prd/assets/index-PXDe8wWV.js:9:2103)
    at  (https://gstatic.olympics.com/s3/mc2026/assets/mr/prd/assets/index-PXDe8wWV.js:9:3852)
[    1425ms] Error: Minified React error #418; visit https://reactjs.org/docs/error-decoder.html?invariant=418 for the full message or use the non-minified dev environment for full errors and additional helpful warnings.
    at si (https://gstatic.olympics.com/s3/mc2026/assets/mr/prd/assets/index-PXDe8wWV.js:22:4788)
    at ga (https://gstatic.olympics.com/s3/mc2026/assets/mr/prd/assets/index-PXDe8wWV.js:24:45264)
    at va (https://gstatic.olympics.com/s3/mc2026/assets/mr/prd/assets/index-PXDe8wWV.js:24:39501)
    at gf (https://gstatic.olympics.com/s3/mc2026/assets/mr/prd/assets/index-PXDe8wWV.js:24:39474)
    at da (https://gstatic.olympics.com/s3/mc2026/assets/mr/prd/assets/index-PXDe8wWV.js:24:34533)
    at E (https://gstatic.olympics.com/s3/mc2026/assets/mr/prd/assets/index-PXDe8wWV.js:9:1563)
    at rt (https://gstatic.olympics.com/s3/mc2026/assets/mr/prd/assets/index-PXDe8wWV.js:9:1930)
    at EventHandlerNonNull* (https://gstatic.olympics.com/s3/mc2026/assets/mr/prd/assets/index-PXDe8wWV.js:9:2103)
    at  (https://gstatic.olympics.com/s3/mc2026/assets/mr/prd/assets/index-PXDe8wWV.js:9:3852)
[    1426ms] Error: Minified React error #418; visit https://reactjs.org/docs/error-decoder.html?invariant=418 for the full message or use the non-minified dev environment for full errors and additional helpful warnings.
    at si (https://gstatic.olympics.com/s3/mc2026/assets/mr/prd/assets/index-PXDe8wWV.js:22:4788)
    at ga (https://gstatic.olympics.com/s3/mc2026/assets/mr/prd/assets/index-PXDe8wWV.js:24:45264)
    at va (https://gstatic.olympics.com/s3/mc2026/assets/mr/prd/assets/index-PXDe8wWV.js:24:39501)
    at gf (https://gstatic.olympics.com/s3/mc2026/assets/mr/prd/assets/index-PXDe8wWV.js:24:39474)
    at da (https://gstatic.olympics.com/s3/mc2026/assets/mr/prd/assets/index-PXDe8wWV.js:24:34533)
    at E (https://gstatic.olympics.com/s3/mc2026/assets/mr/prd/assets/index-PXDe8wWV.js:9:1563)
    at rt (https://gstatic.olympics.com/s3/mc2026/assets/mr/prd/assets/index-PXDe8wWV.js:9:1930)
    at EventHandlerNonNull* (https://gstatic.olympics.com/s3/mc2026/assets/mr/prd/assets/index-PXDe8wWV.js:9:2103)
    at  (https://gstatic.olympics.com/s3/mc2026/assets/mr/prd/assets/index-PXDe8wWV.js:9:3852)
[    1426ms] Error: Minified React error #423; visit https://reactjs.org/docs/error-decoder.html?invariant=423 for the full message or use the non-minified dev environment for full errors and additional helpful warnings.
    at ga (https://gstatic.olympics.com/s3/mc2026/assets/mr/prd/assets/index-PXDe8wWV.js:24:44924)
    at va (https://gstatic.olympics.com/s3/mc2026/assets/mr/prd/assets/index-PXDe8wWV.js:24:39501)
    at yf (https://gstatic.olympics.com/s3/mc2026/assets/mr/prd/assets/index-PXDe8wWV.js:24:39432)
    at Qr (https://gstatic.olympics.com/s3/mc2026/assets/mr/prd/assets/index-PXDe8wWV.js:24:39289)
    at xi (https://gstatic.olympics.com/s3/mc2026/assets/mr/prd/assets/index-PXDe8wWV.js:24:35710)
    at da (https://gstatic.olympics.com/s3/mc2026/assets/mr/prd/assets/index-PXDe8wWV.js:24:34666)
    at E (https://gstatic.olympics.com/s3/mc2026/assets/mr/prd/assets/index-PXDe8wWV.js:9:1563)
    at rt (https://gstatic.olympics.com/s3/mc2026/assets/mr/prd/assets/index-PXDe8wWV.js:9:1930)
    at EventHandlerNonNull* (https://gstatic.olympics.com/s3/mc2026/assets/mr/prd/assets/index-PXDe8wWV.js:9:2103)
    at  (https://gstatic.olympics.com/s3/mc2026/assets/mr/prd/assets/index-PXDe8wWV.js:9:3852)
[    1528ms] [ERROR] [1511.000] [ERROR] [fetcher][url=/wmr-owg2026/competition/api/ENG/eventmedals]: AxiosError: Request failed with status code 404 @ https://www.olympics.com/wmr-files/chunk-IRTY3B2D.js:106
[    1536ms] Error: Minified React error #425; visit https://reactjs.org/docs/error-decoder.html?invariant=425 for the full message or use the non-minified dev environment for full errors and additional helpful warnings.
    at lr (https://gstatic.olympics.com/s3/mc2026/assets/mr/prd/assets/index-PXDe8wWV.js:22:68)
    at cf (https://gstatic.olympics.com/s3/mc2026/assets/mr/prd/assets/index-PXDe8wWV.js:24:16030)
    at ha (https://gstatic.olympics.com/s3/mc2026/assets/mr/prd/assets/index-PXDe8wWV.js:24:39803)
    at va (https://gstatic.olympics.com/s3/mc2026/assets/mr/prd/assets/index-PXDe8wWV.js:24:39560)
    at gf (https://gstatic.olympics.com/s3/mc2026/assets/mr/prd/assets/index-PXDe8wWV.js:24:39474)
    at da (https://gstatic.olympics.com/s3/mc2026/assets/mr/prd/assets/index-PXDe8wWV.js:24:34533)
    at E (https://gstatic.olympics.com/s3/mc2026/assets/mr/prd/assets/index-PXDe8wWV.js:9:1563)
    at rt (https://gstatic.olympics.com/s3/mc2026/assets/mr/prd/assets/index-PXDe8wWV.js:9:1930)
    at EventHandlerNonNull* (https://gstatic.olympics.com/s3/mc2026/assets/mr/prd/assets/index-PXDe8wWV.js:9:2103)
    at  (https://gstatic.olympics.com/s3/mc2026/assets/mr/prd/assets/index-PXDe8wWV.js:9:3852)
[    1536ms] Error: Minified React error #418; visit https://reactjs.org/docs/error-decoder.html?invariant=418 for the full message or use the non-minified dev environment for full errors and additional helpful warnings.
    at si (https://gstatic.olympics.com/s3/mc2026/assets/mr/prd/assets/index-PXDe8wWV.js:22:4907)
    at ga (https://gstatic.olympics.com/s3/mc2026/assets/mr/prd/assets/index-PXDe8wWV.js:24:45264)
    at va (https://gstatic.olympics.com/s3/mc2026/assets/mr/prd/assets/index-PXDe8wWV.js:24:39501)
    at gf (https://gstatic.olympics.com/s3/mc2026/assets/mr/prd/assets/index-PXDe8wWV.js:24:39474)
    at da (https://gstatic.olympics.com/s3/mc2026/assets/mr/prd/assets/index-PXDe8wWV.js:24:34533)
    at E (https://gstatic.olympics.com/s3/mc2026/assets/mr/prd/assets/index-PXDe8wWV.js:9:1563)
    at rt (https://gstatic.olympics.com/s3/mc2026/assets/mr/prd/assets/index-PXDe8wWV.js:9:1930)
    at EventHandlerNonNull* (https://gstatic.olympics.com/s3/mc2026/assets/mr/prd/assets/index-PXDe8wWV.js:9:2103)
    at  (https://gstatic.olympics.com/s3/mc2026/assets/mr/prd/assets/index-PXDe8wWV.js:9:3852)
[    1536ms] Error: Minified React error #418; visit https://reactjs.org/docs/error-decoder.html?invariant=418 for the full message or use the non-minified dev environment for full errors and additional helpful warnings.
    at si (https://gstatic.olympics.com/s3/mc2026/assets/mr/prd/assets/index-PXDe8wWV.js:22:4907)
    at ga (https://gstatic.olympics.com/s3/mc2026/assets/mr/prd/assets/index-PXDe8wWV.js:24:45264)
    at va (https://gstatic.olympics.com/s3/mc2026/assets/mr/prd/assets/index-PXDe8wWV.js:24:39501)
    at gf (https://gstatic.olympics.com/s3/mc2026/assets/mr/prd/assets/index-PXDe8wWV.js:24:39474)
    at da (https://gstatic.olympics.com/s3/mc2026/assets/mr/prd/assets/index-PXDe8wWV.js:24:34533)
    at E (https://gstatic.olympics.com/s3/mc2026/assets/mr/prd/assets/index-PXDe8wWV.js:9:1563)
    at rt (https://gstatic.olympics.com/s3/mc2026/assets/mr/prd/assets/index-PXDe8wWV.js:9:1930)
    at EventHandlerNonNull* (https://gstatic.olympics.com/s3/mc2026/assets/mr/prd/assets/index-PXDe8wWV.js:9:2103)
    at  (https://gstatic.olympics.com/s3/mc2026/assets/mr/prd/assets/index-PXDe8wWV.js:9:3852)
[    1536ms] Error: Minified React error #418; visit https://reactjs.org/docs/error-decoder.html?invariant=418 for the full message or use the non-minified dev environment for full errors and additional helpful warnings.
    at si (https://gstatic.olympics.com/s3/mc2026/assets/mr/prd/assets/index-PXDe8wWV.js:22:4907)
    at ga (https://gstatic.olympics.com/s3/mc2026/assets/mr/prd/assets/index-PXDe8wWV.js:24:45264)
    at va (https://gstatic.olympics.com/s3/mc2026/assets/mr/prd/assets/index-PXDe8wWV.js:24:39501)
    at gf (https://gstatic.olympics.com/s3/mc2026/assets/mr/prd/assets/index-PXDe8wWV.js:24:39474)
    at da (https://gstatic.olympics.com/s3/mc2026/assets/mr/prd/assets/index-PXDe8wWV.js:24:34533)
    at E (https://gstatic.olympics.com/s3/mc2026/assets/mr/prd/assets/index-PXDe8wWV.js:9:1563)
    at rt (https://gstatic.olympics.com/s3/mc2026/assets/mr/prd/assets/index-PXDe8wWV.js:9:1930)
    at EventHandlerNonNull* (https://gstatic.olympics.com/s3/mc2026/assets/mr/prd/assets/index-PXDe8wWV.js:9:2103)
    at  (https://gstatic.olympics.com/s3/mc2026/assets/mr/prd/assets/index-PXDe8wWV.js:9:3852)
[    1536ms] Error: Minified React error #418; visit https://reactjs.org/docs/error-decoder.html?invariant=418 for the full message or use the non-minified dev environment for full errors and additional helpful warnings.
    at si (https://gstatic.olympics.com/s3/mc2026/assets/mr/prd/assets/index-PXDe8wWV.js:22:4907)
    at ga (https://gstatic.olympics.com/s3/mc2026/assets/mr/prd/assets/index-PXDe8wWV.js:24:45264)
    at va (https://gstatic.olympics.com/s3/mc2026/assets/mr/prd/assets/index-PXDe8wWV.js:24:39501)
    at gf (https://gstatic.olympics.com/s3/mc2026/assets/mr/prd/assets/index-PXDe8wWV.js:24:39474)
    at da (https://gstatic.olympics.com/s3/mc2026/assets/mr/prd/assets/index-PXDe8wWV.js:24:34533)
    at E (https://gstatic.olympics.com/s3/mc2026/assets/mr/prd/assets/index-PXDe8wWV.js:9:1563)
    at rt (https://gstatic.olympics.com/s3/mc2026/assets/mr/prd/assets/index-PXDe8wWV.js:9:1930)
    at EventHandlerNonNull* (https://gstatic.olympics.com/s3/mc2026/assets/mr/prd/assets/index-PXDe8wWV.js:9:2103)
    at  (https://gstatic.olympics.com/s3/mc2026/assets/mr/prd/assets/index-PXDe8wWV.js:9:3852)
[    1536ms] Error: Minified React error #418; visit https://reactjs.org/docs/error-decoder.html?invariant=418 for the full message or use the non-minified dev environment for full errors and additional helpful warnings.
    at si (https://gstatic.olympics.com/s3/mc2026/assets/mr/prd/assets/index-PXDe8wWV.js:22:4907)
    at ga (https://gstatic.olympics.com/s3/mc2026/assets/mr/prd/assets/index-PXDe8wWV.js:24:45264)
    at va (https://gstatic.olympics.com/s3/mc2026/assets/mr/prd/assets/index-PXDe8wWV.js:24:39501)
    at gf (https://gstatic.olympics.com/s3/mc2026/assets/mr/prd/assets/index-PXDe8wWV.js:24:39474)
    at da (https://gstatic.olympics.com/s3/mc2026/assets/mr/prd/assets/index-PXDe8wWV.js:24:34533)
    at E (https://gstatic.olympics.com/s3/mc2026/assets/mr/prd/assets/index-PXDe8wWV.js:9:1563)
    at rt (https://gstatic.olympics.com/s3/mc2026/assets/mr/prd/assets/index-PXDe8wWV.js:9:1930)
    at EventHandlerNonNull* (https://gstatic.olympics.com/s3/mc2026/assets/mr/prd/assets/index-PXDe8wWV.js:9:2103)
    at  (https://gstatic.olympics.com/s3/mc2026/assets/mr/prd/assets/index-PXDe8wWV.js:9:3852)
[    1536ms] Error: Minified React error #418; visit https://reactjs.org/docs/error-decoder.html?invariant=418 for the full message or use the non-minified dev environment for full errors and additional helpful warnings.
    at si (https://gstatic.olympics.com/s3/mc2026/assets/mr/prd/assets/index-PXDe8wWV.js:22:4907)
    at ga (https://gstatic.olympics.com/s3/mc2026/assets/mr/prd/assets/index-PXDe8wWV.js:24:45264)
    at va (https://gstatic.olympics.com/s3/mc2026/assets/mr/prd/assets/index-PXDe8wWV.js:24:39501)
    at gf (https://gstatic.olympics.com/s3/mc2026/assets/mr/prd/assets/index-PXDe8wWV.js:24:39474)
    at da (https://gstatic.olympics.com/s3/mc2026/assets/mr/prd/assets/index-PXDe8wWV.js:24:34533)
    at E (https://gstatic.olympics.com/s3/mc2026/assets/mr/prd/assets/index-PXDe8wWV.js:9:1563)
    at rt (https://gstatic.olympics.com/s3/mc2026/assets/mr/prd/assets/index-PXDe8wWV.js:9:1930)
    at EventHandlerNonNull* (https://gstatic.olympics.com/s3/mc2026/assets/mr/prd/assets/index-PXDe8wWV.js:9:2103)
    at  (https://gstatic.olympics.com/s3/mc2026/assets/mr/prd/assets/index-PXDe8wWV.js:9:3852)
[    1536ms] Error: Minified React error #418; visit https://reactjs.org/docs/error-decoder.html?invariant=418 for the full message or use the non-minified dev environment for full errors and additional helpful warnings.
    at si (https://gstatic.olympics.com/s3/mc2026/assets/mr/prd/assets/index-PXDe8wWV.js:22:4907)
    at ga (https://gstatic.olympics.com/s3/mc2026/assets/mr/prd/assets/index-PXDe8wWV.js:24:45264)
    at va (https://gstatic.olympics.com/s3/mc2026/assets/mr/prd/assets/index-PXDe8wWV.js:24:39501)
    at gf (https://gstatic.olympics.com/s3/mc2026/assets/mr/prd/assets/index-PXDe8wWV.js:24:39474)
    at da (https://gstatic.olympics.com/s3/mc2026/assets/mr/prd/assets/index-PXDe8wWV.js:24:34533)
    at E (https://gstatic.olympics.com/s3/mc2026/assets/mr/prd/assets/index-PXDe8wWV.js:9:1563)
    at rt (https://gstatic.olympics.com/s3/mc2026/assets/mr/prd/assets/index-PXDe8wWV.js:9:1930)
    at EventHandlerNonNull* (https://gstatic.olympics.com/s3/mc2026/assets/mr/prd/assets/index-PXDe8wWV.js:9:2103)
    at  (https://gstatic.olympics.com/s3/mc2026/assets/mr/prd/assets/index-PXDe8wWV.js:9:3852)
[    1536ms] Error: Minified React error #423; visit https://reactjs.org/docs/error-decoder.html?invariant=423 for the full message or use the non-minified dev environment for full errors and additional helpful warnings.
    at ga (https://gstatic.olympics.com/s3/mc2026/assets/mr/prd/assets/index-PXDe8wWV.js:24:44924)
    at va (https://gstatic.olympics.com/s3/mc2026/assets/mr/prd/assets/index-PXDe8wWV.js:24:39501)
    at yf (https://gstatic.olympics.com/s3/mc2026/assets/mr/prd/assets/index-PXDe8wWV.js:24:39432)
    at Qr (https://gstatic.olympics.com/s3/mc2026/assets/mr/prd/assets/index-PXDe8wWV.js:24:39289)
    at xi (https://gstatic.olympics.com/s3/mc2026/assets/mr/prd/assets/index-PXDe8wWV.js:24:35710)
    at da (https://gstatic.olympics.com/s3/mc2026/assets/mr/prd/assets/index-PXDe8wWV.js:24:34666)
    at E (https://gstatic.olympics.com/s3/mc2026/assets/mr/prd/assets/index-PXDe8wWV.js:9:1563)
    at rt (https://gstatic.olympics.com/s3/mc2026/assets/mr/prd/assets/index-PXDe8wWV.js:9:1930)
    at EventHandlerNonNull* (https://gstatic.olympics.com/s3/mc2026/assets/mr/prd/assets/index-PXDe8wWV.js:9:2103)
    at  (https://gstatic.olympics.com/s3/mc2026/assets/mr/prd/assets/index-PXDe8wWV.js:9:3852)
[    1562ms] Error: Minified React error #425; visit https://reactjs.org/docs/error-decoder.html?invariant=425 for the full message or use the non-minified dev environment for full errors and additional helpful warnings.
    at lr (https://gstatic.olympics.com/s3/mc2026/assets/mr/prd/assets/index-PXDe8wWV.js:22:68)
    at cf (https://gstatic.olympics.com/s3/mc2026/assets/mr/prd/assets/index-PXDe8wWV.js:24:16030)
    at ha (https://gstatic.olympics.com/s3/mc2026/assets/mr/prd/assets/index-PXDe8wWV.js:24:39803)
    at va (https://gstatic.olympics.com/s3/mc2026/assets/mr/prd/assets/index-PXDe8wWV.js:24:39560)
    at gf (https://gstatic.olympics.com/s3/mc2026/assets/mr/prd/assets/index-PXDe8wWV.js:24:39474)
    at da (https://gstatic.olympics.com/s3/mc2026/assets/mr/prd/assets/index-PXDe8wWV.js:24:34533)
    at E (https://gstatic.olympics.com/s3/mc2026/assets/mr/prd/assets/index-PXDe8wWV.js:9:1563)
    at rt (https://gstatic.olympics.com/s3/mc2026/assets/mr/prd/assets/index-PXDe8wWV.js:9:1930)
    at EventHandlerNonNull* (https://gstatic.olympics.com/s3/mc2026/assets/mr/prd/assets/index-PXDe8wWV.js:9:2103)
    at  (https://gstatic.olympics.com/s3/mc2026/assets/mr/prd/assets/index-PXDe8wWV.js:9:3852)
[    1562ms] Error: Minified React error #418; visit https://reactjs.org/docs/error-decoder.html?invariant=418 for the full message or use the non-minified dev environment for full errors and additional helpful warnings.
    at si (https://gstatic.olympics.com/s3/mc2026/assets/mr/prd/assets/index-PXDe8wWV.js:22:4907)
    at ga (https://gstatic.olympics.com/s3/mc2026/assets/mr/prd/assets/index-PXDe8wWV.js:24:45264)
    at va (https://gstatic.olympics.com/s3/mc2026/assets/mr/prd/assets/index-PXDe8wWV.js:24:39501)
    at gf (https://gstatic.olympics.com/s3/mc2026/assets/mr/prd/assets/index-PXDe8wWV.js:24:39474)
    at da (https://gstatic.olympics.com/s3/mc2026/assets/mr/prd/assets/index-PXDe8wWV.js:24:34533)
    at E (https://gstatic.olympics.com/s3/mc2026/assets/mr/prd/assets/index-PXDe8wWV.js:9:1563)
    at rt (https://gstatic.olympics.com/s3/mc2026/assets/mr/prd/assets/index-PXDe8wWV.js:9:1930)
    at EventHandlerNonNull* (https://gstatic.olympics.com/s3/mc2026/assets/mr/prd/assets/index-PXDe8wWV.js:9:2103)
    at  (https://gstatic.olympics.com/s3/mc2026/assets/mr/prd/assets/index-PXDe8wWV.js:9:3852)
[    1562ms] Error: Minified React error #418; visit https://reactjs.org/docs/error-decoder.html?invariant=418 for the full message or use the non-minified dev environment for full errors and additional helpful warnings.
    at si (https://gstatic.olympics.com/s3/mc2026/assets/mr/prd/assets/index-PXDe8wWV.js:22:4907)
    at ga (https://gstatic.olympics.com/s3/mc2026/assets/mr/prd/assets/index-PXDe8wWV.js:24:45264)
    at va (https://gstatic.olympics.com/s3/mc2026/assets/mr/prd/assets/index-PXDe8wWV.js:24:39501)
    at gf (https://gstatic.olympics.com/s3/mc2026/assets/mr/prd/assets/index-PXDe8wWV.js:24:39474)
    at da (https://gstatic.olympics.com/s3/mc2026/assets/mr/prd/assets/index-PXDe8wWV.js:24:34533)
    at E (https://gstatic.olympics.com/s3/mc2026/assets/mr/prd/assets/index-PXDe8wWV.js:9:1563)
    at rt (https://gstatic.olympics.com/s3/mc2026/assets/mr/prd/assets/index-PXDe8wWV.js:9:1930)
    at EventHandlerNonNull* (https://gstatic.olympics.com/s3/mc2026/assets/mr/prd/assets/index-PXDe8wWV.js:9:2103)
    at  (https://gstatic.olympics.com/s3/mc2026/assets/mr/prd/assets/index-PXDe8wWV.js:9:3852)
[    1562ms] Error: Minified React error #418; visit https://reactjs.org/docs/error-decoder.html?invariant=418 for the full message or use the non-minified dev environment for full errors and additional helpful warnings.
    at si (https://gstatic.olympics.com/s3/mc2026/assets/mr/prd/assets/index-PXDe8wWV.js:22:4907)
    at ga (https://gstatic.olympics.com/s3/mc2026/assets/mr/prd/assets/index-PXDe8wWV.js:24:45264)
    at va (https://gstatic.olympics.com/s3/mc2026/assets/mr/prd/assets/index-PXDe8wWV.js:24:39501)
    at gf (https://gstatic.olympics.com/s3/mc2026/assets/mr/prd/assets/index-PXDe8wWV.js:24:39474)
    at da (https://gstatic.olympics.com/s3/mc2026/assets/mr/prd/assets/index-PXDe8wWV.js:24:34533)
    at E (https://gstatic.olympics.com/s3/mc2026/assets/mr/prd/assets/index-PXDe8wWV.js:9:1563)
    at rt (https://gstatic.olympics.com/s3/mc2026/assets/mr/prd/assets/index-PXDe8wWV.js:9:1930)
    at EventHandlerNonNull* (https://gstatic.olympics.com/s3/mc2026/assets/mr/prd/assets/index-PXDe8wWV.js:9:2103)
    at  (https://gstatic.olympics.com/s3/mc2026/assets/mr/prd/assets/index-PXDe8wWV.js:9:3852)
[    1562ms] Error: Minified React error #418; visit https://reactjs.org/docs/error-decoder.html?invariant=418 for the full message or use the non-minified dev environment for full errors and additional helpful warnings.
    at si (https://gstatic.olympics.com/s3/mc2026/assets/mr/prd/assets/index-PXDe8wWV.js:22:4907)
    at ga (https://gstatic.olympics.com/s3/mc2026/assets/mr/prd/assets/index-PXDe8wWV.js:24:45264)
    at va (https://gstatic.olympics.com/s3/mc2026/assets/mr/prd/assets/index-PXDe8wWV.js:24:39501)
    at gf (https://gstatic.olympics.com/s3/mc2026/assets/mr/prd/assets/index-PXDe8wWV.js:24:39474)
    at da (https://gstatic.olympics.com/s3/mc2026/assets/mr/prd/assets/index-PXDe8wWV.js:24:34533)
    at E (https://gstatic.olympics.com/s3/mc2026/assets/mr/prd/assets/index-PXDe8wWV.js:9:1563)
    at rt (https://gstatic.olympics.com/s3/mc2026/assets/mr/prd/assets/index-PXDe8wWV.js:9:1930)
    at EventHandlerNonNull* (https://gstatic.olympics.com/s3/mc2026/assets/mr/prd/assets/index-PXDe8wWV.js:9:2103)
    at  (https://gstatic.olympics.com/s3/mc2026/assets/mr/prd/assets/index-PXDe8wWV.js:9:3852)
[    1562ms] Error: Minified React error #418; visit https://reactjs.org/docs/error-decoder.html?invariant=418 for the full message or use the non-minified dev environment for full errors and additional helpful warnings.
    at si (https://gstatic.olympics.com/s3/mc2026/assets/mr/prd/assets/index-PXDe8wWV.js:22:4907)
    at ga (https://gstatic.olympics.com/s3/mc2026/assets/mr/prd/assets/index-PXDe8wWV.js:24:45264)
    at va (https://gstatic.olympics.com/s3/mc2026/assets/mr/prd/assets/index-PXDe8wWV.js:24:39501)
    at gf (https://gstatic.olympics.com/s3/mc2026/assets/mr/prd/assets/index-PXDe8wWV.js:24:39474)
    at da (https://gstatic.olympics.com/s3/mc2026/assets/mr/prd/assets/index-PXDe8wWV.js:24:34533)
    at E (https://gstatic.olympics.com/s3/mc2026/assets/mr/prd/assets/index-PXDe8wWV.js:9:1563)
    at rt (https://gstatic.olympics.com/s3/mc2026/assets/mr/prd/assets/index-PXDe8wWV.js:9:1930)
    at EventHandlerNonNull* (https://gstatic.olympics.com/s3/mc2026/assets/mr/prd/assets/index-PXDe8wWV.js:9:2103)
    at  (https://gstatic.olympics.com/s3/mc2026/assets/mr/prd/assets/index-PXDe8wWV.js:9:3852)
[    1562ms] Error: Minified React error #418; visit https://reactjs.org/docs/error-decoder.html?invariant=418 for the full message or use the non-minified dev environment for full errors and additional helpful warnings.
    at si (https://gstatic.olympics.com/s3/mc2026/assets/mr/prd/assets/index-PXDe8wWV.js:22:4907)
    at ga (https://gstatic.olympics.com/s3/mc2026/assets/mr/prd/assets/index-PXDe8wWV.js:24:45264)
    at va (https://gstatic.olympics.com/s3/mc2026/assets/mr/prd/assets/index-PXDe8wWV.js:24:39501)
    at gf (https://gstatic.olympics.com/s3/mc2026/assets/mr/prd/assets/index-PXDe8wWV.js:24:39474)
    at da (https://gstatic.olympics.com/s3/mc2026/assets/mr/prd/assets/index-PXDe8wWV.js:24:34533)
    at E (https://gstatic.olympics.com/s3/mc2026/assets/mr/prd/assets/index-PXDe8wWV.js:9:1563)
    at rt (https://gstatic.olympics.com/s3/mc2026/assets/mr/prd/assets/index-PXDe8wWV.js:9:1930)
    at EventHandlerNonNull* (https://gstatic.olympics.com/s3/mc2026/assets/mr/prd/assets/index-PXDe8wWV.js:9:2103)
    at  (https://gstatic.olympics.com/s3/mc2026/assets/mr/prd/assets/index-PXDe8wWV.js:9:3852)
[    1562ms] Error: Minified React error #418; visit https://reactjs.org/docs/error-decoder.html?invariant=418 for the full message or use the non-minified dev environment for full errors and additional helpful warnings.
    at si (https://gstatic.olympics.com/s3/mc2026/assets/mr/prd/assets/index-PXDe8wWV.js:22:4907)
    at ga (https://gstatic.olympics.com/s3/mc2026/assets/mr/prd/assets/index-PXDe8wWV.js:24:45264)
    at va (https://gstatic.olympics.com/s3/mc2026/assets/mr/prd/assets/index-PXDe8wWV.js:24:39501)
    at gf (https://gstatic.olympics.com/s3/mc2026/assets/mr/prd/assets/index-PXDe8wWV.js:24:39474)
    at da (https://gstatic.olympics.com/s3/mc2026/assets/mr/prd/assets/index-PXDe8wWV.js:24:34533)
    at E (https://gstatic.olympics.com/s3/mc2026/assets/mr/prd/assets/index-PXDe8wWV.js:9:1563)
    at rt (https://gstatic.olympics.com/s3/mc2026/assets/mr/prd/assets/index-PXDe8wWV.js:9:1930)
    at EventHandlerNonNull* (https://gstatic.olympics.com/s3/mc2026/assets/mr/prd/assets/index-PXDe8wWV.js:9:2103)
    at  (https://gstatic.olympics.com/s3/mc2026/assets/mr/prd/assets/index-PXDe8wWV.js:9:3852)
[    1563ms] Error: Minified React error #423; visit https://reactjs.org/docs/error-decoder.html?invariant=423 for the full message or use the non-minified dev environment for full errors and additional helpful warnings.
    at ga (https://gstatic.olympics.com/s3/mc2026/assets/mr/prd/assets/index-PXDe8wWV.js:24:44924)
    at va (https://gstatic.olympics.com/s3/mc2026/assets/mr/prd/assets/index-PXDe8wWV.js:24:39501)
    at yf (https://gstatic.olympics.com/s3/mc2026/assets/mr/prd/assets/index-PXDe8wWV.js:24:39432)
    at Qr (https://gstatic.olympics.com/s3/mc2026/assets/mr/prd/assets/index-PXDe8wWV.js:24:39289)
    at xi (https://gstatic.olympics.com/s3/mc2026/assets/mr/prd/assets/index-PXDe8wWV.js:24:35710)
    at da (https://gstatic.olympics.com/s3/mc2026/assets/mr/prd/assets/index-PXDe8wWV.js:24:34666)
    at E (https://gstatic.olympics.com/s3/mc2026/assets/mr/prd/assets/index-PXDe8wWV.js:9:1563)
    at rt (https://gstatic.olympics.com/s3/mc2026/assets/mr/prd/assets/index-PXDe8wWV.js:9:1930)
    at EventHandlerNonNull* (https://gstatic.olympics.com/s3/mc2026/assets/mr/prd/assets/index-PXDe8wWV.js:9:2103)
    at  (https://gstatic.olympics.com/s3/mc2026/assets/mr/prd/assets/index-PXDe8wWV.js:9:3852)
[    1707ms] [WARNING] [JavaScript Warning: "WEBGL_debug_renderer_info is deprecated in Firefox and will be removed. Please use RENDERER." {file: "https://www.olympics.com/TAJQUb/C-/Kc/Sdzq/gsyZDMuxA_/ffOzhfD1GafE/cU8oJwgC/QBQ/9dl1lQkpt?v=373f556c-edf1-e3f3-0937-67d3ff2117d4" line: 1}] @ https://www.olympics.com/TAJQUb/C-/Kc/Sdzq/gsyZDMuxA_/ffOzhfD1GafE/cU8oJwgC/QBQ/9dl1lQkpt?v=373f556c-edf1-e3f3-0937-67d3ff2117d4:1
[    1708ms] [WARNING] [JavaScript Warning: "WEBGL_debug_renderer_info is deprecated in Firefox and will be removed. Please use RENDERER." {file: "https://www.olympics.com/TAJQUb/C-/Kc/Sdzq/gsyZDMuxA_/ffOzhfD1GafE/cU8oJwgC/QBQ/9dl1lQkpt?v=373f556c-edf1-e3f3-0937-67d3ff2117d4" line: 1}] @ https://www.olympics.com/TAJQUb/C-/Kc/Sdzq/gsyZDMuxA_/ffOzhfD1GafE/cU8oJwgC/QBQ/9dl1lQkpt?v=373f556c-edf1-e3f3-0937-67d3ff2117d4:1
[    1752ms] [WARNING] [JavaScript Warning: "WEBGL_debug_renderer_info is deprecated in Firefox and will be removed. Please use RENDERER." {file: "blob:https://www.olympics.com/624bc079-3d89-42fa-834a-59d62acff81f" line: 1}] @ blob:https://www.olympics.com/624bc079-3d89-42fa-834a-59d62acff81f:1
[    1766ms] [WARNING] [JavaScript Warning: "WEBGL_debug_renderer_info is deprecated in Firefox and will be removed. Please use RENDERER." {file: "blob:https://www.olympics.com/624bc079-3d89-42fa-834a-59d62acff81f" line: 1}] @ blob:https://www.olympics.com/624bc079-3d89-42fa-834a-59d62acff81f:1
[    6693ms] [ERROR] [6675.000] [ERROR] [fetcher][url=/wmr-owg2026/competition/api/ENG/eventmedals]: AxiosError: Request failed with status code 404 @ https://www.olympics.com/wmr-files/chunk-IRTY3B2D.js:106
[   28109ms] [ERROR] [26870.000] [ERROR] [fetcher][url=/wmr-owg2026/competition/api/ENG/eventmedals]: AxiosError: Request failed with status code 404 @ https://www.olympics.com/wmr-files/chunk-IRTY3B2D.js:106
[   71570ms] [ERROR] [69194.000] [ERROR] [fetcher][url=/wmr-owg2026/competition/api/ENG/eventmedals]: AxiosError: Request failed with status code 404 @ https://www.olympics.com/wmr-files/chunk-IRTY3B2D.js:106
[  190551ms] [ERROR] [184380.000] [ERROR] [fetcher][url=/wmr-owg2026/competition/api/ENG/eventmedals]: AxiosError: Request failed with status code 404 @ https://www.olympics.com/wmr-files/chunk-IRTY3B2D.js:106
[  289526ms] [ERROR] [279616.000] [ERROR] [fetcher][url=/wmr-owg2026/competition/api/ENG/eventmedals]: AxiosError: Request failed with status code 404 @ https://www.olympics.com/wmr-files/chunk-IRTY3B2D.js:106
[  312728ms] [WARNING] [JavaScript Warning: "WEBGL_debug_renderer_info is deprecated in Firefox and will be removed. Please use RENDERER." {file: "https://www.olympics.com/TAJQUb/C-/Kc/Sdzq/gsyZDMuxA_/ffOzhfD1GafE/cU8oJwgC/QBQ/9dl1lQkpt?v=373f556c-edf1-e3f3-0937-67d3ff2117d4" line: 1}] @ https://www.olympics.com/TAJQUb/C-/Kc/Sdzq/gsyZDMuxA_/ffOzhfD1GafE/cU8oJwgC/QBQ/9dl1lQkpt?v=373f556c-edf1-e3f3-0937-67d3ff2117d4:1
[  312729ms] [WARNING] [JavaScript Warning: "WEBGL_debug_renderer_info is deprecated in Firefox and will be removed. Please use RENDERER." {file: "https://www.olympics.com/TAJQUb/C-/Kc/Sdzq/gsyZDMuxA_/ffOzhfD1GafE/cU8oJwgC/QBQ/9dl1lQkpt?v=373f556c-edf1-e3f3-0937-67d3ff2117d4" line: 1}] @ https://www.olympics.com/TAJQUb/C-/Kc/Sdzq/gsyZDMuxA_/ffOzhfD1GafE/cU8oJwgC/QBQ/9dl1lQkpt?v=373f556c-edf1-e3f3-0937-67d3ff2117d4:1
[  312743ms] [WARNING] [JavaScript Warning: "WEBGL_debug_renderer_info is deprecated in Firefox and will be removed. Please use RENDERER." {file: "blob:https://www.olympics.com/a191893b-cee3-4f7a-b7fa-8e6f4419feb3" line: 1}] @ blob:https://www.olympics.com/a191893b-cee3-4f7a-b7fa-8e6f4419feb3:1
[  312752ms] [WARNING] [JavaScript Warning: "WEBGL_debug_renderer_info is deprecated in Firefox and will be removed. Please use RENDERER." {file: "blob:https://www.olympics.com/a191893b-cee3-4f7a-b7fa-8e6f4419feb3" line: 1}] @ blob:https://www.olympics.com/a191893b-cee3-4f7a-b7fa-8e6f4419feb3:1
[  607288ms] [ERROR] [584888.000] [ERROR] [fetcher][url=/wmr-owg2026/competition/api/ENG/eventmedals]: AxiosError: Request failed with status code 404 @ https://www.olympics.com/wmr-files/chunk-IRTY3B2D.js:106
[  623969ms] [WARNING] [JavaScript Warning: "WEBGL_debug_renderer_info is deprecated in Firefox and will be removed. Please use RENDERER." {file: "https://www.olympics.com/TAJQUb/C-/Kc/Sdzq/gsyZDMuxA_/ffOzhfD1GafE/cU8oJwgC/QBQ/9dl1lQkpt?v=373f556c-edf1-e3f3-0937-67d3ff2117d4" line: 1}] @ https://www.olympics.com/TAJQUb/C-/Kc/Sdzq/gsyZDMuxA_/ffOzhfD1GafE/cU8oJwgC/QBQ/9dl1lQkpt?v=373f556c-edf1-e3f3-0937-67d3ff2117d4:1
[  623969ms] [WARNING] [JavaScript Warning: "WEBGL_debug_renderer_info is deprecated in Firefox and will be removed. Please use RENDERER." {file: "https://www.olympics.com/TAJQUb/C-/Kc/Sdzq/gsyZDMuxA_/ffOzhfD1GafE/cU8oJwgC/QBQ/9dl1lQkpt?v=373f556c-edf1-e3f3-0937-67d3ff2117d4" line: 1}] @ https://www.olympics.com/TAJQUb/C-/Kc/Sdzq/gsyZDMuxA_/ffOzhfD1GafE/cU8oJwgC/QBQ/9dl1lQkpt?v=373f556c-edf1-e3f3-0937-67d3ff2117d4:1
[  623989ms] [WARNING] [JavaScript Warning: "WEBGL_debug_renderer_info is deprecated in Firefox and will be removed. Please use RENDERER." {file: "blob:https://www.olympics.com/de5f199b-d1e9-4c37-b93b-ec611723b994" line: 1}] @ blob:https://www.olympics.com/de5f199b-d1e9-4c37-b93b-ec611723b994:1
[  624002ms] [WARNING] [JavaScript Warning: "WEBGL_debug_renderer_info is deprecated in Firefox and will be removed. Please use RENDERER." {file: "blob:https://www.olympics.com/de5f199b-d1e9-4c37-b93b-ec611723b994" line: 1}] @ blob:https://www.olympics.com/de5f199b-d1e9-4c37-b93b-ec611723b994:1
[  937268ms] [WARNING] [JavaScript Warning: "WEBGL_debug_renderer_info is deprecated in Firefox and will be removed. Please use RENDERER." {file: "https://www.olympics.com/TAJQUb/C-/Kc/Sdzq/gsyZDMuxA_/ffOzhfD1GafE/cU8oJwgC/QBQ/9dl1lQkpt?v=373f556c-edf1-e3f3-0937-67d3ff2117d4" line: 1}] @ https://www.olympics.com/TAJQUb/C-/Kc/Sdzq/gsyZDMuxA_/ffOzhfD1GafE/cU8oJwgC/QBQ/9dl1lQkpt?v=373f556c-edf1-e3f3-0937-67d3ff2117d4:1
[  937269ms] [WARNING] [JavaScript Warning: "WEBGL_debug_renderer_info is deprecated in Firefox and will be removed. Please use RENDERER." {file: "https://www.olympics.com/TAJQUb/C-/Kc/Sdzq/gsyZDMuxA_/ffOzhfD1GafE/cU8oJwgC/QBQ/9dl1lQkpt?v=373f556c-edf1-e3f3-0937-67d3ff2117d4" line: 1}] @ https://www.olympics.com/TAJQUb/C-/Kc/Sdzq/gsyZDMuxA_/ffOzhfD1GafE/cU8oJwgC/QBQ/9dl1lQkpt?v=373f556c-edf1-e3f3-0937-67d3ff2117d4:1
[  937283ms] [WARNING] [JavaScript Warning: "WEBGL_debug_renderer_info is deprecated in Firefox and will be removed. Please use RENDERER." {file: "blob:https://www.olympics.com/18c5b423-dc96-4796-b444-db957cd9c696" line: 1}] @ blob:https://www.olympics.com/18c5b423-dc96-4796-b444-db957cd9c696:1
[  937293ms] [WARNING] [JavaScript Warning: "WEBGL_debug_renderer_info is deprecated in Firefox and will be removed. Please use RENDERER." {file: "blob:https://www.olympics.com/18c5b423-dc96-4796-b444-db957cd9c696" line: 1}] @ blob:https://www.olympics.com/18c5b423-dc96-4796-b444-db957cd9c696:1
